candidates F>0: 372; energy scale (max anchor F_A): 5.5700199999999995
seed30  g23_i0       F=0.17000 traj=True energy=True det=True valid=True fixed=False PASS=True
seed30  g23_i1       F=0.02770 traj=True energy=True det=True valid=True fixed=False PASS=True
seed30  g23_i3       F=0.02338 traj=True energy=True det=True valid=True fixed=False PASS=True
seed30  g23_i4       F=0.03378 traj=True energy=True det=True valid=True fixed=False PASS=True
seed30  g23_i5       F=0.02190 traj=True energy=True det=True valid=True fixed=False PASS=True
seed30  g23_i6       F=0.02006 traj=True energy=True det=True valid=True fixed=False PASS=True
seed30  g23_i7       F=0.13338 traj=True energy=True det=True valid=True fixed=False PASS=True
seed30  g23_i8       F=0.17000 traj=True energy=True det=True valid=True fixed=False PASS=True
seed30  g23_i9       F=0.16654 traj=True energy=True det=True valid=True fixed=False PASS=True
seed30  g23_i12      F=0.07564 traj=True energy=True det=True valid=True fixed=False PASS=True
seed30  g23_i13      F=0.17000 traj=True energy=True det=True valid=True fixed=False PASS=True
seed30  g23_i14      F=0.06154 traj=True energy=True det=True valid=True fixed=False PASS=True
seed30  g23_i19      F=0.17000 traj=True energy=True det=True valid=True fixed=False PASS=True
seed31  g23_i0       F=0.18068 traj=True energy=True det=True valid=True fixed=False PASS=True
seed31  g23_i2       F=0.09512 traj=True energy=True det=True valid=True fixed=False PASS=True
seed31  g23_i3       F=0.13778 traj=True energy=True det=True valid=True fixed=False PASS=True
seed31  g23_i4       F=0.09054 traj=True energy=True det=True valid=True fixed=False PASS=True
seed31  g23_i7       F=0.10848 traj=True energy=True det=True valid=True fixed=False PASS=True
seed31  g23_i12      F=0.10734 traj=True energy=True det=True valid=True fixed=False PASS=True
seed31  g23_i14      F=0.17436 traj=True energy=True det=True valid=True fixed=False PASS=True
seed31  g23_i15      F=0.07896 traj=True energy=True det=True valid=True fixed=False PASS=True
seed31  g23_i16      F=0.06294 traj=True energy=True det=True valid=True fixed=False PASS=True
seed31  g23_i19      F=0.01822 traj=True energy=True det=True valid=True fixed=False PASS=True
seed32  g23_i0       F=0.17474 traj=True energy=True det=True valid=True fixed=False PASS=True
seed32  g23_i3       F=0.09732 traj=True energy=True det=True valid=True fixed=False PASS=True
seed32  g23_i4       F=0.14092 traj=True energy=True det=True valid=True fixed=False PASS=True
seed32  g23_i5       F=0.07218 traj=True energy=True det=True valid=True fixed=False PASS=True
seed32  g23_i7       F=0.15748 traj=True energy=True det=True valid=True fixed=False PASS=True
seed32  g23_i8       F=0.02420 traj=True energy=True det=True valid=True fixed=False PASS=True
seed32  g23_i9       F=0.14998 traj=True energy=True det=True valid=True fixed=False PASS=True
seed32  g23_i10      F=0.07520 traj=True energy=True det=True valid=True fixed=False PASS=True
seed32  g23_i11      F=0.13654 traj=True energy=True det=True valid=True fixed=False PASS=True
seed32  g23_i12      F=0.00768 traj=True energy=True det=True valid=True fixed=False PASS=True
seed32  g23_i15      F=0.13738 traj=True energy=True det=True valid=True fixed=False PASS=True
seed32  g23_i16      F=0.04098 traj=True energy=True det=True valid=True fixed=False PASS=True
seed32  g23_i18      F=0.15816 traj=True energy=True det=True valid=True fixed=False PASS=True
seed32  g23_i19      F=0.04662 traj=True energy=True det=True valid=True fixed=False PASS=True
null9000 n1           F=0.00896 traj=True energy=True det=True valid=True fixed=False PASS=True
null9000 n4           F=0.10702 traj=True energy=True det=True valid=True fixed=False PASS=True
null9000 n6           F=0.12386 traj=True energy=True det=True valid=True fixed=False PASS=True
null9000 n7           F=0.03446 traj=True energy=True det=True valid=True fixed=False PASS=True
null9000 n8           F=0.15994 traj=True energy=True det=True valid=True fixed=False PASS=True
null9000 n9           F=0.04030 traj=True energy=True det=True valid=True fixed=False PASS=True
null9000 n10          F=0.01900 traj=True energy=True det=True valid=True fixed=False PASS=True
null9000 n12          F=0.02068 traj=True energy=True det=True valid=True fixed=False PASS=True
null9000 n13          F=0.04236 traj=True energy=True det=True valid=True fixed=False PASS=True
null9000 n14          F=0.08726 traj=True energy=True det=True valid=True fixed=False PASS=True
null9000 n17          F=0.00848 traj=True energy=True det=True valid=True fixed=False PASS=True
null9000 n18          F=0.02326 traj=True energy=True det=True valid=True fixed=False PASS=True
null9000 n19          F=0.02108 traj=True energy=True det=True valid=True fixed=False PASS=True
null9000 n21          F=0.04332 traj=True energy=True det=True valid=True fixed=False PASS=True
null9000 n22          F=0.09440 traj=True energy=True det=True valid=True fixed=False PASS=True
null9000 n23          F=0.03510 traj=True energy=True det=True valid=True fixed=False PASS=True
null9000 n25          F=0.04236 traj=True energy=True det=True valid=True fixed=False PASS=True
null9000 n28          F=0.04932 traj=True energy=True det=True valid=True fixed=False PASS=True
null9000 n29          F=0.04438 traj=True energy=True det=True valid=True fixed=False PASS=True
null9000 n30          F=0.04352 traj=True energy=True det=True valid=True fixed=False PASS=True
null9000 n31          F=0.01744 traj=True energy=True det=True valid=True fixed=False PASS=True
null9000 n33          F=0.02386 traj=True energy=True det=True valid=True fixed=False PASS=True
null9000 n34          F=0.00524 traj=True energy=True det=True valid=True fixed=False PASS=True
null9000 n36          F=0.15994 traj=True energy=True det=True valid=True fixed=False PASS=True
null9000 n38          F=0.12658 traj=True energy=True det=True valid=True fixed=False PASS=True
null9000 n40          F=0.15994 traj=True energy=True det=True valid=True fixed=False PASS=True
null9000 n41          F=0.02666 traj=True energy=True det=True valid=True fixed=False PASS=True
null9000 n42          F=0.08484 traj=True energy=True det=True valid=True fixed=False PASS=True
null9000 n43          F=0.03664 traj=True energy=True det=True valid=True fixed=False PASS=True
null9000 n44          F=0.15994 traj=True energy=True det=True valid=True fixed=False PASS=True
null9000 n45          F=0.01972 traj=True energy=True det=True valid=True fixed=False PASS=True
null9000 n46          F=0.05060 traj=True energy=True det=True valid=True fixed=False PASS=True
null9000 n47          F=0.04236 traj=True energy=True det=True valid=True fixed=False PASS=True
null9000 n48          F=0.13636 traj=True energy=True det=True valid=True fixed=False PASS=True
null9000 n49          F=0.01332 traj=True energy=True det=True valid=True fixed=False PASS=True
null9000 n50          F=0.08258 traj=True energy=True det=True valid=True fixed=False PASS=True
null9000 n51          F=0.02296 traj=True energy=True det=True valid=True fixed=False PASS=True
null9000 n52          F=0.14500 traj=True energy=True det=True valid=True fixed=False PASS=True
null9000 n53          F=0.03636 traj=True energy=True det=True valid=True fixed=False PASS=True
null9000 n54          F=0.09150 traj=True energy=True det=True valid=True fixed=False PASS=True
null9000 n55          F=0.01006 traj=True energy=True det=True valid=True fixed=False PASS=True
null9000 n56          F=0.07928 traj=True energy=True det=True valid=True fixed=False PASS=True
null9000 n57          F=0.02298 traj=True energy=True det=True valid=True fixed=False PASS=True
null9000 n58          F=0.13350 traj=True energy=True det=True valid=True fixed=False PASS=True
null9000 n59          F=0.04236 traj=True energy=True det=True valid=True fixed=False PASS=True
null9000 n60          F=0.10256 traj=True energy=True det=True valid=True fixed=False PASS=True
null9000 n62          F=0.13494 traj=True energy=True det=True valid=True fixed=False PASS=True
null9000 n64          F=0.15994 traj=True energy=True det=True valid=True fixed=False PASS=True
null9000 n65          F=0.00316 traj=True energy=True det=True valid=True fixed=False PASS=True
null9000 n67          F=0.01266 traj=True energy=True det=True valid=True fixed=False PASS=True
null9000 n68          F=0.01776 traj=True energy=True det=True valid=True fixed=False PASS=True
null9000 n69          F=0.04236 traj=True energy=True det=True valid=True fixed=False PASS=True
null9000 n71          F=0.04236 traj=True energy=True det=True valid=True fixed=False PASS=True
null9000 n73          F=0.04236 traj=True energy=True det=True valid=True fixed=False PASS=True
null9000 n74          F=0.15420 traj=True energy=True det=True valid=True fixed=False PASS=True
null9000 n76          F=0.10784 traj=True energy=True det=True valid=True fixed=False PASS=True
null9000 n77          F=0.03378 traj=True energy=True det=True valid=True fixed=False PASS=True
null9000 n78          F=0.11998 traj=True energy=True det=True valid=True fixed=False PASS=True
null9000 n80          F=0.04552 traj=True energy=True det=True valid=True fixed=False PASS=True
null9000 n81          F=0.04236 traj=True energy=True det=True valid=True fixed=False PASS=True
null9000 n82          F=0.14314 traj=True energy=True det=True valid=True fixed=False PASS=True
null9000 n83          F=0.04236 traj=True energy=True det=True valid=True fixed=False PASS=True
null9000 n84          F=0.04300 traj=True energy=True det=True valid=True fixed=False PASS=True
null9000 n85          F=0.00172 traj=True energy=True det=True valid=True fixed=False PASS=True
null9000 n86          F=0.04710 traj=True energy=True det=True valid=True fixed=False PASS=True
null9000 n87          F=0.02638 traj=True energy=True det=True valid=True fixed=False PASS=True
null9000 n88          F=0.07636 traj=True energy=True det=True valid=True fixed=False PASS=True
null9000 n89          F=0.04236 traj=True energy=True det=True valid=True fixed=False PASS=True
null9000 n90          F=0.15752 traj=True energy=True det=True valid=True fixed=False PASS=True
null9000 n91          F=0.01466 traj=True energy=True det=True valid=True fixed=False PASS=True
null9000 n95          F=0.00990 traj=True energy=True det=True valid=True fixed=False PASS=True
null9000 n98          F=0.15662 traj=True energy=True det=True valid=True fixed=False PASS=True
null9000 n100         F=0.15994 traj=True energy=True det=True valid=True fixed=False PASS=True
null9000 n101         F=0.02708 traj=True energy=True det=True valid=True fixed=False PASS=True
null9000 n102         F=0.15994 traj=True energy=True det=True valid=True fixed=False PASS=True
null9000 n103         F=0.00700 traj=True energy=True det=True valid=True fixed=False PASS=True
null9000 n104         F=0.14748 traj=True energy=True det=True valid=True fixed=False PASS=True
null9000 n106         F=0.14658 traj=True energy=True det=True valid=True fixed=False PASS=True
null9000 n108         F=0.15994 traj=True energy=True det=True valid=True fixed=False PASS=True
null9000 n111         F=0.02364 traj=True energy=True det=True valid=True fixed=False PASS=True
null9000 n114         F=0.15994 traj=True energy=True det=True valid=True fixed=False PASS=True
null9000 n116         F=0.15994 traj=True energy=True det=True valid=True fixed=False PASS=True
null9000 n118         F=0.14800 traj=True energy=True det=True valid=True fixed=False PASS=True
null9000 n119         F=0.04236 traj=True energy=True det=True valid=True fixed=False PASS=True
null9000 n120         F=0.04416 traj=True energy=True det=True valid=True fixed=False PASS=True
null9000 n122         F=0.10916 traj=True energy=True det=True valid=True fixed=False PASS=True
null9000 n123         F=0.00042 traj=True energy=True det=True valid=True fixed=False PASS=True
null9000 n124         F=0.12110 traj=True energy=True det=True valid=True fixed=False PASS=True
null9000 n125         F=0.03696 traj=True energy=True det=True valid=True fixed=False PASS=True
null9000 n126         F=0.15994 traj=True energy=True det=True valid=True fixed=False PASS=True
null9000 n128         F=0.15994 traj=True energy=True det=True valid=True fixed=False PASS=True
null9000 n129         F=0.04130 traj=True energy=True det=True valid=True fixed=False PASS=True
null9000 n130         F=0.15994 traj=True energy=True det=True valid=True fixed=False PASS=True
null9000 n131         F=0.04236 traj=True energy=True det=True valid=True fixed=False PASS=True
null9000 n133         F=0.02032 traj=True energy=True det=True valid=True fixed=False PASS=True
null9000 n134         F=0.00104 traj=True energy=True det=True valid=True fixed=False PASS=True
null9000 n135         F=0.02322 traj=True energy=True det=True valid=True fixed=False PASS=True
null9000 n136         F=0.15994 traj=True energy=True det=True valid=True fixed=False PASS=True
null9000 n137         F=0.03874 traj=True energy=True det=True valid=True fixed=False PASS=True
null9000 n138         F=0.17236 traj=True energy=True det=True valid=True fixed=False PASS=True
null9000 n139         F=0.01598 traj=True energy=True det=True valid=True fixed=False PASS=True
null9000 n140         F=0.08690 traj=True energy=True det=True valid=True fixed=False PASS=True
null9000 n141         F=0.04236 traj=True energy=True det=True valid=True fixed=False PASS=True
null9000 n142         F=0.09990 traj=True energy=True det=True valid=True fixed=False PASS=True
null9000 n143         F=0.00700 traj=True energy=True det=True valid=True fixed=False PASS=True
null9000 n144         F=0.04346 traj=True energy=True det=True valid=True fixed=False PASS=True
null9000 n145         F=0.04236 traj=True energy=True det=True valid=True fixed=False PASS=True
null9000 n146         F=0.05788 traj=True energy=True det=True valid=True fixed=False PASS=True
null9000 n147         F=0.04236 traj=True energy=True det=True valid=True fixed=False PASS=True
null9000 n150         F=0.00714 traj=True energy=True det=True valid=True fixed=False PASS=True
null9000 n152         F=0.10432 traj=True energy=True det=True valid=True fixed=False PASS=True
null9000 n153         F=0.04418 traj=True energy=True det=True valid=True fixed=False PASS=True
null9000 n154         F=0.11670 traj=True energy=True det=True valid=True fixed=False PASS=True
null9000 n156         F=0.04448 traj=True energy=True det=True valid=True fixed=False PASS=True
null9000 n157         F=0.04236 traj=True energy=True det=True valid=True fixed=False PASS=True
null9000 n158         F=0.16400 traj=True energy=True det=True valid=True fixed=False PASS=True
null9000 n159         F=0.01054 traj=True energy=True det=True valid=True fixed=False PASS=True
null9000 n160         F=0.09142 traj=True energy=True det=True valid=True fixed=False PASS=True
null9000 n161         F=0.04236 traj=True energy=True det=True valid=True fixed=False PASS=True
null9000 n164         F=0.16274 traj=True energy=True det=True valid=True fixed=False PASS=True
null9000 n165         F=0.04236 traj=True energy=True det=True valid=True fixed=False PASS=True
null9000 n168         F=0.11376 traj=True energy=True det=True valid=True fixed=False PASS=True
null9000 n169         F=0.04236 traj=True energy=True det=True valid=True fixed=False PASS=True
null9000 n171         F=0.04236 traj=True energy=True det=True valid=True fixed=False PASS=True
null9000 n172         F=0.16282 traj=True energy=True det=True valid=True fixed=False PASS=True
null9000 n173         F=0.03136 traj=True energy=True det=True valid=True fixed=False PASS=True
null9000 n174         F=0.10974 traj=True energy=True det=True valid=True fixed=False PASS=True
null9000 n175         F=0.02566 traj=True energy=True det=True valid=True fixed=False PASS=True
null9000 n176         F=0.00154 traj=True energy=True det=True valid=True fixed=False PASS=True
null9000 n177         F=0.04236 traj=True energy=True det=True valid=True fixed=False PASS=True
null9000 n178         F=0.14138 traj=True energy=True det=True valid=True fixed=False PASS=True
null9000 n179         F=0.04236 traj=True energy=True det=True valid=True fixed=False PASS=True
null9000 n180         F=0.15994 traj=True energy=True det=True valid=True fixed=False PASS=True
null9000 n182         F=0.15994 traj=True energy=True det=True valid=True fixed=False PASS=True
null9000 n183         F=0.00824 traj=True energy=True det=True valid=True fixed=False PASS=True
null9000 n184         F=0.13546 traj=True energy=True det=True valid=True fixed=False PASS=True
null9000 n186         F=0.15994 traj=True energy=True det=True valid=True fixed=False PASS=True
null9000 n190         F=0.03862 traj=True energy=True det=True valid=True fixed=False PASS=True
null9000 n192         F=0.14100 traj=True energy=True det=True valid=True fixed=False PASS=True
null9000 n193         F=0.04236 traj=True energy=True det=True valid=True fixed=False PASS=True
null9000 n195         F=0.04236 traj=True energy=True det=True valid=True fixed=False PASS=True
null9000 n196         F=0.15994 traj=True energy=True det=True valid=True fixed=False PASS=True
null9000 n199         F=0.03570 traj=True energy=True det=True valid=True fixed=False PASS=True
null9000 n200         F=0.15994 traj=True energy=True det=True valid=True fixed=False PASS=True
null9000 n201         F=0.00776 traj=True energy=True det=True valid=True fixed=False PASS=True
null9000 n203         F=0.01348 traj=True energy=True det=True valid=True fixed=False PASS=True
null9000 n204         F=0.14612 traj=True energy=True det=True valid=True fixed=False PASS=True
null9000 n206         F=0.12732 traj=True energy=True det=True valid=True fixed=False PASS=True
null9000 n207         F=0.01284 traj=True energy=True det=True valid=True fixed=False PASS=True
null9000 n208         F=0.10458 traj=True energy=True det=True valid=True fixed=False PASS=True
null9000 n209         F=0.02178 traj=True energy=True det=True valid=True fixed=False PASS=True
null9000 n210         F=0.01632 traj=True energy=True det=True valid=True fixed=False PASS=True
null9000 n212         F=0.15994 traj=True energy=True det=True valid=True fixed=False PASS=True
null9000 n213         F=0.02632 traj=True energy=True det=True valid=True fixed=False PASS=True
null9000 n214         F=0.11670 traj=True energy=True det=True valid=True fixed=False PASS=True
null9000 n217         F=0.04648 traj=True energy=True det=True valid=True fixed=False PASS=True
null9000 n219         F=0.04332 traj=True energy=True det=True valid=True fixed=False PASS=True
null9000 n220         F=0.05098 traj=True energy=True det=True valid=True fixed=False PASS=True
null9000 n222         F=0.16094 traj=True energy=True det=True valid=True fixed=False PASS=True
null9000 n223         F=0.04236 traj=True energy=True det=True valid=True fixed=False PASS=True
null9000 n226         F=0.15994 traj=True energy=True det=True valid=True fixed=False PASS=True
null9000 n227         F=0.04236 traj=True energy=True det=True valid=True fixed=False PASS=True
null9000 n229         F=0.04236 traj=True energy=True det=True valid=True fixed=False PASS=True
null9000 n230         F=0.01062 traj=True energy=True det=True valid=True fixed=False PASS=True
null9000 n231         F=0.04236 traj=True energy=True det=True valid=True fixed=False PASS=True
null9000 n232         F=0.15994 traj=True energy=True det=True valid=True fixed=False PASS=True
null9000 n234         F=0.15994 traj=True energy=True det=True valid=True fixed=False PASS=True
null9000 n235         F=0.00282 traj=True energy=True det=True valid=True fixed=False PASS=True
null9000 n236         F=0.12548 traj=True energy=True det=True valid=True fixed=False PASS=True
null9000 n237         F=0.00858 traj=True energy=True det=True valid=True fixed=False PASS=True
null9000 n238         F=0.13932 traj=True energy=True det=True valid=True fixed=False PASS=True
null9000 n239         F=0.02892 traj=True energy=True det=True valid=True fixed=False PASS=True
null9000 n240         F=0.09658 traj=True energy=True det=True valid=True fixed=False PASS=True
null9000 n241         F=0.03908 traj=True energy=True det=True valid=True fixed=False PASS=True
null9000 n245         F=0.00842 traj=True energy=True det=True valid=True fixed=False PASS=True
null9000 n246         F=0.15994 traj=True energy=True det=True valid=True fixed=False PASS=True
null9000 n247         F=0.03940 traj=True energy=True det=True valid=True fixed=False PASS=True
null9000 n248         F=0.15994 traj=True energy=True det=True valid=True fixed=False PASS=True
null9000 n249         F=0.00066 traj=True energy=True det=True valid=True fixed=False PASS=True
null9000 n250         F=0.01814 traj=True energy=True det=True valid=True fixed=False PASS=True
null9000 n254         F=0.04666 traj=True energy=True det=True valid=True fixed=False PASS=True
null9000 n255         F=0.04236 traj=True energy=True det=True valid=True fixed=False PASS=True
null9000 n256         F=0.02224 traj=True energy=True det=True valid=True fixed=False PASS=True
null9000 n257         F=0.01738 traj=True energy=True det=True valid=True fixed=False PASS=True
null9000 n259         F=0.01404 traj=True energy=True det=True valid=True fixed=False PASS=True
null9000 n260         F=0.02888 traj=True energy=True det=True valid=True fixed=False PASS=True
null9000 n261         F=0.04236 traj=True energy=True det=True valid=True fixed=False PASS=True
null9000 n262         F=0.05556 traj=True energy=True det=True valid=True fixed=False PASS=True
null9000 n263         F=0.01056 traj=True energy=True det=True valid=True fixed=False PASS=True
null9000 n264         F=0.15994 traj=True energy=True det=True valid=True fixed=False PASS=True
null9000 n265         F=0.03458 traj=True energy=True det=True valid=True fixed=False PASS=True
null9000 n267         F=0.04236 traj=True energy=True det=True valid=True fixed=False PASS=True
null9000 n268         F=0.12896 traj=True energy=True det=True valid=True fixed=False PASS=True
null9000 n269         F=0.04236 traj=True energy=True det=True valid=True fixed=False PASS=True
null9000 n270         F=0.15994 traj=True energy=True det=True valid=True fixed=False PASS=True
null9000 n271         F=0.03886 traj=True energy=True det=True valid=True fixed=False PASS=True
null9000 n272         F=0.02236 traj=True energy=True det=True valid=True fixed=False PASS=True
null9000 n273         F=0.04236 traj=True energy=True det=True valid=True fixed=False PASS=True
null9000 n274         F=0.12218 traj=True energy=True det=True valid=True fixed=False PASS=True
null9000 n275         F=0.01214 traj=True energy=True det=True valid=True fixed=False PASS=True
null9000 n276         F=0.04422 traj=True energy=True det=True valid=True fixed=False PASS=True
null9000 n277         F=0.03902 traj=True energy=True det=True valid=True fixed=False PASS=True
null9000 n278         F=0.15994 traj=True energy=True det=True valid=True fixed=False PASS=True
null9000 n279         F=0.01762 traj=True energy=True det=True valid=True fixed=False PASS=True
null9000 n280         F=0.04316 traj=True energy=True det=True valid=True fixed=False PASS=True
null9000 n282         F=0.15994 traj=True energy=True det=True valid=True fixed=False PASS=True
null9000 n283         F=0.04254 traj=True energy=True det=True valid=True fixed=False PASS=True
null9000 n285         F=0.00220 traj=True energy=True det=True valid=True fixed=False PASS=True
null9000 n286         F=0.01800 traj=True energy=True det=True valid=True fixed=False PASS=True
null9000 n287         F=0.04236 traj=True energy=True det=True valid=True fixed=False PASS=True
null9000 n288         F=0.13028 traj=True energy=True det=True valid=True fixed=False PASS=True
null9000 n289         F=0.02108 traj=True energy=True det=True valid=True fixed=False PASS=True
null9000 n290         F=0.16904 traj=True energy=True det=True valid=True fixed=False PASS=True
null9000 n291         F=0.01094 traj=True energy=True det=True valid=True fixed=False PASS=True
null9000 n292         F=0.03722 traj=True energy=True det=True valid=True fixed=False PASS=True
null9000 n294         F=0.13636 traj=True energy=True det=True valid=True fixed=False PASS=True
null9000 n295         F=0.01312 traj=True energy=True det=True valid=True fixed=False PASS=True
null9000 n296         F=0.15994 traj=True energy=True det=True valid=True fixed=False PASS=True
null9000 n298         F=0.15994 traj=True energy=True det=True valid=True fixed=False PASS=True
null9000 n299         F=0.00882 traj=True energy=True det=True valid=True fixed=False PASS=True
null9000 n303         F=0.03696 traj=True energy=True det=True valid=True fixed=False PASS=True
null9000 n304         F=0.15126 traj=True energy=True det=True valid=True fixed=False PASS=True
null9000 n305         F=0.04236 traj=True energy=True det=True valid=True fixed=False PASS=True
null9000 n306         F=0.15994 traj=True energy=True det=True valid=True fixed=False PASS=True
null9000 n308         F=0.15994 traj=True energy=True det=True valid=True fixed=False PASS=True
null9000 n309         F=0.04236 traj=True energy=True det=True valid=True fixed=False PASS=True
null9000 n311         F=0.03728 traj=True energy=True det=True valid=True fixed=False PASS=True
null9000 n312         F=0.15994 traj=True energy=True det=True valid=True fixed=False PASS=True
null9000 n314         F=0.15602 traj=True energy=True det=True valid=True fixed=False PASS=True
null9000 n315         F=0.01384 traj=True energy=True det=True valid=True fixed=False PASS=True
null9000 n316         F=0.10104 traj=True energy=True det=True valid=True fixed=False PASS=True
null9000 n318         F=0.06490 traj=True energy=True det=True valid=True fixed=False PASS=True
null9000 n320         F=0.08054 traj=True energy=True det=True valid=True fixed=False PASS=True
null9000 n322         F=0.12638 traj=True energy=True det=True valid=True fixed=False PASS=True
null9000 n325         F=0.02620 traj=True energy=True det=True valid=True fixed=False PASS=True
null9000 n327         F=0.02026 traj=True energy=True det=True valid=True fixed=False PASS=True
null9000 n330         F=0.07436 traj=True energy=True det=True valid=True fixed=False PASS=True
null9000 n331         F=0.00792 traj=True energy=True det=True valid=True fixed=False PASS=True
null9000 n332         F=0.06372 traj=True energy=True det=True valid=True fixed=False PASS=True
null9000 n333         F=0.01842 traj=True energy=True det=True valid=True fixed=False PASS=True
null9000 n335         F=0.03602 traj=True energy=True det=True valid=True fixed=False PASS=True
null9000 n336         F=0.04730 traj=True energy=True det=True valid=True fixed=False PASS=True
null9000 n337         F=0.00430 traj=True energy=True det=True valid=True fixed=False PASS=True
null9000 n340         F=0.10858 traj=True energy=True det=True valid=True fixed=False PASS=True
null9000 n342         F=0.16550 traj=True energy=True det=True valid=True fixed=False PASS=True
null9000 n344         F=0.13774 traj=True energy=True det=True valid=True fixed=False PASS=True
null9000 n347         F=0.01544 traj=True energy=True det=True valid=True fixed=False PASS=True
null9000 n352         F=0.14780 traj=True energy=True det=True valid=True fixed=False PASS=True
null9000 n354         F=0.14920 traj=True energy=True det=True valid=True fixed=False PASS=True
null9000 n355         F=0.03426 traj=True energy=True det=True valid=True fixed=False PASS=True
null9000 n357         F=0.02244 traj=True energy=True det=True valid=True fixed=False PASS=True
null9000 n359         F=0.01086 traj=True energy=True det=True valid=True fixed=False PASS=True
null9000 n360         F=0.12014 traj=True energy=True det=True valid=True fixed=False PASS=True
null9000 n361         F=0.02778 traj=True energy=True det=True valid=True fixed=False PASS=True
null9000 n362         F=0.17336 traj=True energy=True det=True valid=True fixed=False PASS=True
null9000 n363         F=0.04236 traj=True energy=True det=True valid=True fixed=False PASS=True
null9000 n364         F=0.15994 traj=True energy=True det=True valid=True fixed=False PASS=True
null9000 n365         F=0.04236 traj=True energy=True det=True valid=True fixed=False PASS=True
null9000 n366         F=0.15994 traj=True energy=True det=True valid=True fixed=False PASS=True
null9000 n367         F=0.04564 traj=True energy=True det=True valid=True fixed=False PASS=True
null9000 n368         F=0.15994 traj=True energy=True det=True valid=True fixed=False PASS=True
null9000 n369         F=0.04388 traj=True energy=True det=True valid=True fixed=False PASS=True
null9000 n373         F=0.04236 traj=True energy=True det=True valid=True fixed=False PASS=True
null9000 n374         F=0.07832 traj=True energy=True det=True valid=True fixed=False PASS=True
null9000 n378         F=0.08218 traj=True energy=True det=True valid=True fixed=False PASS=True
null9000 n379         F=0.03636 traj=True energy=True det=True valid=True fixed=False PASS=True
null9000 n382         F=0.12546 traj=True energy=True det=True valid=True fixed=False PASS=True
null9000 n383         F=0.00894 traj=True energy=True det=True valid=True fixed=False PASS=True
null9000 n384         F=0.12100 traj=True energy=True det=True valid=True fixed=False PASS=True
null9000 n386         F=0.13826 traj=True energy=True det=True valid=True fixed=False PASS=True
null9000 n388         F=0.15994 traj=True energy=True det=True valid=True fixed=False PASS=True
null9000 n389         F=0.02738 traj=True energy=True det=True valid=True fixed=False PASS=True
null9000 n390         F=0.03384 traj=True energy=True det=True valid=True fixed=False PASS=True
null9000 n391         F=0.04236 traj=True energy=True det=True valid=True fixed=False PASS=True
null9000 n393         F=0.01672 traj=True energy=True det=True valid=True fixed=False PASS=True
null9000 n394         F=0.15994 traj=True energy=True det=True valid=True fixed=False PASS=True
null9000 n395         F=0.02656 traj=True energy=True det=True valid=True fixed=False PASS=True
null9000 n396         F=0.01564 traj=True energy=True det=True valid=True fixed=False PASS=True
null9000 n398         F=0.15990 traj=True energy=True det=True valid=True fixed=False PASS=True
null9000 n399         F=0.04236 traj=True energy=True det=True valid=True fixed=False PASS=True
null9000 n400         F=0.14956 traj=True energy=True det=True valid=True fixed=False PASS=True
null9000 n401         F=0.00076 traj=True energy=True det=True valid=True fixed=False PASS=True
null9000 n405         F=0.04276 traj=True energy=True det=True valid=True fixed=False PASS=True
null9000 n406         F=0.01292 traj=True energy=True det=True valid=True fixed=False PASS=True
null9000 n408         F=0.04044 traj=True energy=True det=True valid=True fixed=False PASS=True
null9000 n409         F=0.04236 traj=True energy=True det=True valid=True fixed=False PASS=True
null9000 n410         F=0.02344 traj=True energy=True det=True valid=True fixed=False PASS=True
null9000 n412         F=0.15994 traj=True energy=True det=True valid=True fixed=False PASS=True
null9000 n415         F=0.00004 traj=True energy=True det=True valid=True fixed=False PASS=True
null9000 n416         F=0.15994 traj=True energy=True det=True valid=True fixed=False PASS=True
null9000 n417         F=0.03504 traj=True energy=True det=True valid=True fixed=False PASS=True
null9000 n418         F=0.16176 traj=True energy=True det=True valid=True fixed=False PASS=True
null9000 n419         F=0.04198 traj=True energy=True det=True valid=True fixed=False PASS=True
null9000 n420         F=0.00674 traj=True energy=True det=True valid=True fixed=False PASS=True
null9000 n421         F=0.04236 traj=True energy=True det=True valid=True fixed=False PASS=True
null9000 n422         F=0.16050 traj=True energy=True det=True valid=True fixed=False PASS=True
null9000 n423         F=0.02554 traj=True energy=True det=True valid=True fixed=False PASS=True
null9000 n424         F=0.15994 traj=True energy=True det=True valid=True fixed=False PASS=True
null9000 n426         F=0.14152 traj=True energy=True det=True valid=True fixed=False PASS=True
null9000 n427         F=0.04640 traj=True energy=True det=True valid=True fixed=False PASS=True
null9000 n429         F=0.03416 traj=True energy=True det=True valid=True fixed=False PASS=True
null9000 n430         F=0.12758 traj=True energy=True det=True valid=True fixed=False PASS=True
null9000 n433         F=0.02652 traj=True energy=True det=True valid=True fixed=False PASS=True
null9000 n435         F=0.00640 traj=True energy=True det=True valid=True fixed=False PASS=True
null9000 n436         F=0.11020 traj=True energy=True det=True valid=True fixed=False PASS=True
null9000 n437         F=0.03550 traj=True energy=True det=True valid=True fixed=False PASS=True
null9000 n439         F=0.00048 traj=True energy=True det=True valid=True fixed=False PASS=True
null9000 n441         F=0.04236 traj=True energy=True det=True valid=True fixed=False PASS=True
null9000 n442         F=0.10624 traj=True energy=True det=True valid=True fixed=False PASS=True
null9000 n444         F=0.15728 traj=True energy=True det=True valid=True fixed=False PASS=True
null9000 n445         F=0.01700 traj=True energy=True det=True valid=True fixed=False PASS=True
null9000 n446         F=0.13092 traj=True energy=True det=True valid=True fixed=False PASS=True
null9000 n447         F=0.03470 traj=True energy=True det=True valid=True fixed=False PASS=True
null9000 n448         F=0.15994 traj=True energy=True det=True valid=True fixed=False PASS=True
null9000 n450         F=0.15994 traj=True energy=True det=True valid=True fixed=False PASS=True
null9000 n451         F=0.03866 traj=True energy=True det=True valid=True fixed=False PASS=True
null9000 n452         F=0.14438 traj=True energy=True det=True valid=True fixed=False PASS=True
null9000 n453         F=0.02284 traj=True energy=True det=True valid=True fixed=False PASS=True
null9000 n456         F=0.15994 traj=True energy=True det=True valid=True fixed=False PASS=True
null9000 n459         F=0.03740 traj=True energy=True det=True valid=True fixed=False PASS=True
null9000 n460         F=0.15932 traj=True energy=True det=True valid=True fixed=False PASS=True
null9000 n461         F=0.00334 traj=True energy=True det=True valid=True fixed=False PASS=True
null9000 n462         F=0.12962 traj=True energy=True det=True valid=True fixed=False PASS=True
null9000 n463         F=0.02850 traj=True energy=True det=True valid=True fixed=False PASS=True
null9000 n464         F=0.05548 traj=True energy=True det=True valid=True fixed=False PASS=True
null9000 n465         F=0.04236 traj=True energy=True det=True valid=True fixed=False PASS=True
null9000 n466         F=0.15994 traj=True energy=True det=True valid=True fixed=False PASS=True
null9000 n467         F=0.02836 traj=True energy=True det=True valid=True fixed=False PASS=True
null9000 n468         F=0.10698 traj=True energy=True det=True valid=True fixed=False PASS=True
null9000 n471         F=0.04236 traj=True energy=True det=True valid=True fixed=False PASS=True
null9000 n472         F=0.03374 traj=True energy=True det=True valid=True fixed=False PASS=True
null9000 n473         F=0.00752 traj=True energy=True det=True valid=True fixed=False PASS=True
null9000 n474         F=0.08780 traj=True energy=True det=True valid=True fixed=False PASS=True
null9000 n476         F=0.15994 traj=True energy=True det=True valid=True fixed=False PASS=True
null9000 n477         F=0.00790 traj=True energy=True det=True valid=True fixed=False PASS=True
AUDIT DONE
