corpus size 4 (4 published anchors alone, amendment-08)
seed30    g23_i0    |G|=229 min_d=0.7039 nearest=Example_3 novel=True
seed30    g23_i1    |G|=230 min_d=0.7024 nearest=Example_3 novel=True
seed30    g23_i3    |G|=231 min_d=0.7028 nearest=Example_3 novel=True
seed30    g23_i4    |G|=230 min_d=0.6907 nearest=Example_3 novel=True
seed30    g23_i5    |G|=228 min_d=0.7054 nearest=Example_3 novel=True
seed30    g23_i6    |G|=229 min_d=0.7039 nearest=Example_3 novel=True
seed30    g23_i7    |G|=229 min_d=0.7039 nearest=Example_3 novel=True
seed30    g23_i8    |G|=229 min_d=0.7039 nearest=Example_3 novel=True
seed30    g23_i9    |G|=229 min_d=0.7039 nearest=Example_3 novel=True
seed30    g23_i12   |G|=229 min_d=0.7039 nearest=Example_3 novel=True
seed30    g23_i13   |G|=229 min_d=0.7039 nearest=Example_3 novel=True
seed30    g23_i14   |G|=230 min_d=0.7024 nearest=Example_3 novel=True
seed30    g23_i19   |G|=229 min_d=0.7039 nearest=Example_3 novel=True
seed31    g23_i0    |G|=230 min_d=0.7024 nearest=Example_3 novel=True
seed31    g23_i2    |G|=231 min_d=0.7028 nearest=Example_3 novel=True
seed31    g23_i3    |G|=230 min_d=0.7024 nearest=Example_3 novel=True
seed31    g23_i4    |G|=232 min_d=0.6916 nearest=Example_3 novel=True
seed31    g23_i7    |G|=231 min_d=0.7009 nearest=Example_3 novel=True
seed31    g23_i12   |G|=231 min_d=0.7028 nearest=Example_3 novel=True
seed31    g23_i14   |G|=230 min_d=0.7024 nearest=Example_3 novel=True
seed31    g23_i15   |G|=231 min_d=0.7028 nearest=Example_3 novel=True
seed31    g23_i16   |G|=232 min_d=0.7033 nearest=Example_3 novel=True
seed31    g23_i19   |G|=231 min_d=0.7028 nearest=Example_3 novel=True
seed32    g23_i0    |G|=231 min_d=0.7009 nearest=Example_3 novel=True
seed32    g23_i3    |G|=233 min_d=0.6979 nearest=Example_3 novel=True
seed32    g23_i4    |G|=230 min_d=0.7024 nearest=Example_3 novel=True
seed32    g23_i5    |G|=229 min_d=0.7039 nearest=Example_3 novel=True
seed32    g23_i7    |G|=230 min_d=0.7024 nearest=Example_3 novel=True
seed32    g23_i8    |G|=231 min_d=0.7028 nearest=Example_3 novel=True
seed32    g23_i9    |G|=231 min_d=0.7009 nearest=Example_3 novel=True
seed32    g23_i10   |G|=229 min_d=0.7039 nearest=Example_3 novel=True
seed32    g23_i11   |G|=231 min_d=0.7009 nearest=Example_3 novel=True
seed32    g23_i12   |G|=231 min_d=0.7009 nearest=Example_3 novel=True
seed32    g23_i15   |G|=230 min_d=0.7024 nearest=Example_3 novel=True
seed32    g23_i16   |G|=231 min_d=0.7009 nearest=Example_3 novel=True
seed32    g23_i18   |G|=229 min_d=0.7039 nearest=Example_3 novel=True
seed32    g23_i19   |G|=231 min_d=0.7009 nearest=Example_3 novel=True
null9000  n1        |G|=228 min_d=0.7054 nearest=Example_3 novel=True
null9000  n4        |G|=229 min_d=0.7039 nearest=Example_3 novel=True
null9000  n6        |G|=228 min_d=0.7054 nearest=Example_3 novel=True
null9000  n7        |G|=229 min_d=0.7039 nearest=Example_3 novel=True
null9000  n8        |G|=229 min_d=0.7039 nearest=Example_3 novel=True
null9000  n9        |G|=229 min_d=0.7039 nearest=Example_3 novel=True
null9000  n10       |G|=230 min_d=0.7024 nearest=Example_3 novel=True
null9000  n12       |G|=230 min_d=0.7024 nearest=Example_3 novel=True
null9000  n13       |G|=228 min_d=0.7054 nearest=Example_3 novel=True
null9000  n14       |G|=229 min_d=0.7039 nearest=Example_3 novel=True
null9000  n17       |G|=229 min_d=0.7039 nearest=Example_3 novel=True
null9000  n18       |G|=228 min_d=0.7054 nearest=Example_3 novel=True
null9000  n19       |G|=228 min_d=0.7054 nearest=Example_3 novel=True
null9000  n21       |G|=228 min_d=0.7054 nearest=Example_3 novel=True
null9000  n22       |G|=229 min_d=0.7039 nearest=Example_3 novel=True
null9000  n23       |G|=228 min_d=0.7054 nearest=Example_3 novel=True
null9000  n25       |G|=228 min_d=0.7054 nearest=Example_3 novel=True
null9000  n28       |G|=229 min_d=0.7039 nearest=Example_3 novel=True
null9000  n29       |G|=228 min_d=0.7054 nearest=Example_3 novel=True
null9000  n30       |G|=229 min_d=0.7039 nearest=Example_3 novel=True
null9000  n31       |G|=228 min_d=0.7054 nearest=Example_3 novel=True
null9000  n33       |G|=228 min_d=0.7054 nearest=Example_3 novel=True
null9000  n34       |G|=227 min_d=0.7068 nearest=Example_3 novel=True
null9000  n36       |G|=229 min_d=0.7039 nearest=Example_3 novel=True
null9000  n38       |G|=229 min_d=0.7039 nearest=Example_3 novel=True
null9000  n40       |G|=229 min_d=0.7039 nearest=Example_3 novel=True
null9000  n41       |G|=228 min_d=0.7054 nearest=Example_3 novel=True
null9000  n42       |G|=230 min_d=0.7024 nearest=Example_3 novel=True
null9000  n43       |G|=229 min_d=0.7058 nearest=Example_3 novel=True
null9000  n44       |G|=229 min_d=0.7039 nearest=Example_3 novel=True
null9000  n45       |G|=228 min_d=0.7054 nearest=Example_3 novel=True
null9000  n46       |G|=231 min_d=0.7009 nearest=Example_3 novel=True
null9000  n47       |G|=228 min_d=0.7054 nearest=Example_3 novel=True
null9000  n48       |G|=230 min_d=0.7043 nearest=Example_3 novel=True
null9000  n49       |G|=228 min_d=0.7054 nearest=Example_3 novel=True
null9000  n50       |G|=229 min_d=0.7039 nearest=Example_3 novel=True
null9000  n51       |G|=228 min_d=0.7054 nearest=Example_3 novel=True
null9000  n52       |G|=229 min_d=0.7039 nearest=Example_3 novel=True
null9000  n53       |G|=228 min_d=0.7054 nearest=Example_3 novel=True
null9000  n54       |G|=228 min_d=0.7054 nearest=Example_3 novel=True
null9000  n55       |G|=229 min_d=0.7039 nearest=Example_3 novel=True
null9000  n56       |G|=230 min_d=0.7024 nearest=Example_3 novel=True
null9000  n57       |G|=229 min_d=0.7039 nearest=Example_3 novel=True
null9000  n58       |G|=229 min_d=0.7039 nearest=Example_3 novel=True
null9000  n59       |G|=228 min_d=0.7054 nearest=Example_3 novel=True
null9000  n60       |G|=229 min_d=0.7039 nearest=Example_3 novel=True
null9000  n62       |G|=230 min_d=0.7024 nearest=Example_3 novel=True
null9000  n64       |G|=229 min_d=0.7039 nearest=Example_3 novel=True
null9000  n65       |G|=228 min_d=0.7054 nearest=Example_3 novel=True
null9000  n67       |G|=228 min_d=0.7054 nearest=Example_3 novel=True
null9000  n68       |G|=230 min_d=0.7024 nearest=Example_3 novel=True
null9000  n69       |G|=228 min_d=0.7054 nearest=Example_3 novel=True
null9000  n71       |G|=228 min_d=0.7054 nearest=Example_3 novel=True
null9000  n73       |G|=228 min_d=0.7054 nearest=Example_3 novel=True
null9000  n74       |G|=229 min_d=0.7039 nearest=Example_3 novel=True
null9000  n76       |G|=230 min_d=0.7024 nearest=Example_3 novel=True
null9000  n77       |G|=228 min_d=0.7054 nearest=Example_3 novel=True
null9000  n78       |G|=230 min_d=0.7024 nearest=Example_3 novel=True
null9000  n80       |G|=228 min_d=0.7054 nearest=Example_3 novel=True
null9000  n81       |G|=228 min_d=0.7054 nearest=Example_3 novel=True
null9000  n82       |G|=228 min_d=0.7054 nearest=Example_3 novel=True
null9000  n83       |G|=228 min_d=0.7054 nearest=Example_3 novel=True
null9000  n84       |G|=229 min_d=0.7039 nearest=Example_3 novel=True
null9000  n85       |G|=228 min_d=0.7054 nearest=Example_3 novel=True
null9000  n86       |G|=228 min_d=0.7054 nearest=Example_3 novel=True
null9000  n87       |G|=229 min_d=0.7039 nearest=Example_3 novel=True
null9000  n88       |G|=229 min_d=0.7039 nearest=Example_3 novel=True
null9000  n89       |G|=228 min_d=0.7054 nearest=Example_3 novel=True
null9000  n90       |G|=229 min_d=0.7039 nearest=Example_3 novel=True
null9000  n91       |G|=227 min_d=0.7068 nearest=Example_3 novel=True
null9000  n95       |G|=228 min_d=0.7054 nearest=Example_3 novel=True
null9000  n98       |G|=229 min_d=0.7039 nearest=Example_3 novel=True
null9000  n100      |G|=229 min_d=0.7039 nearest=Example_3 novel=True
null9000  n101      |G|=228 min_d=0.7054 nearest=Example_3 novel=True
null9000  n102      |G|=229 min_d=0.7039 nearest=Example_3 novel=True
null9000  n103      |G|=228 min_d=0.7054 nearest=Example_3 novel=True
null9000  n104      |G|=229 min_d=0.7039 nearest=Example_3 novel=True
null9000  n106      |G|=230 min_d=0.7024 nearest=Example_3 novel=True
null9000  n108      |G|=229 min_d=0.7039 nearest=Example_3 novel=True
null9000  n111      |G|=230 min_d=0.7043 nearest=Example_3 novel=True
null9000  n114      |G|=229 min_d=0.7039 nearest=Example_3 novel=True
null9000  n116      |G|=229 min_d=0.7039 nearest=Example_3 novel=True
null9000  n118      |G|=229 min_d=0.7039 nearest=Example_3 novel=True
null9000  n119      |G|=228 min_d=0.7054 nearest=Example_3 novel=True
null9000  n120      |G|=229 min_d=0.7039 nearest=Example_3 novel=True
null9000  n122      |G|=229 min_d=0.7039 nearest=Example_3 novel=True
null9000  n123      |G|=228 min_d=0.7054 nearest=Example_3 novel=True
null9000  n124      |G|=229 min_d=0.7039 nearest=Example_3 novel=True
null9000  n125      |G|=228 min_d=0.7054 nearest=Example_3 novel=True
null9000  n126      |G|=229 min_d=0.7039 nearest=Example_3 novel=True
null9000  n128      |G|=229 min_d=0.7039 nearest=Example_3 novel=True
null9000  n129      |G|=227 min_d=0.7068 nearest=Example_3 novel=True
null9000  n130      |G|=229 min_d=0.7039 nearest=Example_3 novel=True
null9000  n131      |G|=228 min_d=0.7054 nearest=Example_3 novel=True
null9000  n133      |G|=229 min_d=0.7058 nearest=Example_3 novel=True
null9000  n134      |G|=230 min_d=0.7024 nearest=Example_3 novel=True
null9000  n135      |G|=229 min_d=0.7058 nearest=Example_3 novel=True
null9000  n136      |G|=229 min_d=0.7039 nearest=Example_3 novel=True
null9000  n137      |G|=230 min_d=0.7043 nearest=Example_3 novel=True
null9000  n138      |G|=229 min_d=0.7039 nearest=Example_3 novel=True
null9000  n139      |G|=230 min_d=0.7024 nearest=Example_3 novel=True
null9000  n140      |G|=228 min_d=0.7054 nearest=Example_3 novel=True
null9000  n141      |G|=228 min_d=0.7054 nearest=Example_3 novel=True
null9000  n142      |G|=229 min_d=0.7039 nearest=Example_3 novel=True
null9000  n143      |G|=228 min_d=0.7054 nearest=Example_3 novel=True
null9000  n144      |G|=228 min_d=0.7054 nearest=Example_3 novel=True
null9000  n145      |G|=228 min_d=0.7054 nearest=Example_3 novel=True
null9000  n146      |G|=228 min_d=0.7015 nearest=Example_3 novel=True
null9000  n147      |G|=228 min_d=0.7054 nearest=Example_3 novel=True
null9000  n150      |G|=229 min_d=0.7039 nearest=Example_3 novel=True
null9000  n152      |G|=229 min_d=0.7039 nearest=Example_3 novel=True
null9000  n153      |G|=228 min_d=0.7054 nearest=Example_3 novel=True
null9000  n154      |G|=230 min_d=0.7024 nearest=Example_3 novel=True
null9000  n156      |G|=229 min_d=0.7039 nearest=Example_3 novel=True
null9000  n157      |G|=228 min_d=0.7054 nearest=Example_3 novel=True
null9000  n158      |G|=229 min_d=0.7039 nearest=Example_3 novel=True
null9000  n159      |G|=227 min_d=0.7068 nearest=Example_3 novel=True
null9000  n160      |G|=229 min_d=0.7039 nearest=Example_3 novel=True
null9000  n161      |G|=228 min_d=0.7054 nearest=Example_3 novel=True
null9000  n164      |G|=229 min_d=0.7039 nearest=Example_3 novel=True
null9000  n165      |G|=228 min_d=0.7054 nearest=Example_3 novel=True
null9000  n168      |G|=229 min_d=0.7039 nearest=Example_3 novel=True
null9000  n169      |G|=228 min_d=0.7054 nearest=Example_3 novel=True
null9000  n171      |G|=228 min_d=0.7054 nearest=Example_3 novel=True
null9000  n172      |G|=229 min_d=0.7039 nearest=Example_3 novel=True
null9000  n173      |G|=228 min_d=0.7054 nearest=Example_3 novel=True
null9000  n174      |G|=229 min_d=0.7039 nearest=Example_3 novel=True
null9000  n175      |G|=229 min_d=0.7039 nearest=Example_3 novel=True
null9000  n176      |G|=230 min_d=0.7043 nearest=Example_3 novel=True
null9000  n177      |G|=228 min_d=0.7054 nearest=Example_3 novel=True
null9000  n178      |G|=229 min_d=0.7039 nearest=Example_3 novel=True
null9000  n179      |G|=228 min_d=0.7054 nearest=Example_3 novel=True
null9000  n180      |G|=229 min_d=0.7039 nearest=Example_3 novel=True
null9000  n182      |G|=229 min_d=0.7039 nearest=Example_3 novel=True
null9000  n183      |G|=228 min_d=0.7054 nearest=Example_3 novel=True
null9000  n184      |G|=229 min_d=0.7039 nearest=Example_3 novel=True
null9000  n186      |G|=229 min_d=0.7039 nearest=Example_3 novel=True
null9000  n190      |G|=230 min_d=0.7024 nearest=Example_3 novel=True
null9000  n192      |G|=230 min_d=0.7024 nearest=Example_3 novel=True
null9000  n193      |G|=228 min_d=0.7054 nearest=Example_3 novel=True
null9000  n195      |G|=228 min_d=0.7054 nearest=Example_3 novel=True
null9000  n196      |G|=229 min_d=0.7039 nearest=Example_3 novel=True
null9000  n199      |G|=229 min_d=0.7039 nearest=Example_3 novel=True
null9000  n200      |G|=229 min_d=0.7039 nearest=Example_3 novel=True
null9000  n201      |G|=227 min_d=0.7049 nearest=Example_3 novel=True
null9000  n203      |G|=228 min_d=0.7054 nearest=Example_3 novel=True
null9000  n204      |G|=229 min_d=0.7039 nearest=Example_3 novel=True
null9000  n206      |G|=229 min_d=0.7039 nearest=Example_3 novel=True
null9000  n207      |G|=229 min_d=0.7039 nearest=Example_3 novel=True
null9000  n208      |G|=229 min_d=0.7039 nearest=Example_3 novel=True
null9000  n209      |G|=229 min_d=0.7039 nearest=Example_3 novel=True
null9000  n210      |G|=228 min_d=0.7054 nearest=Example_3 novel=True
null9000  n212      |G|=229 min_d=0.7039 nearest=Example_3 novel=True
null9000  n213      |G|=229 min_d=0.7058 nearest=Example_3 novel=True
null9000  n214      |G|=230 min_d=0.7043 nearest=Example_3 novel=True
null9000  n217      |G|=228 min_d=0.7054 nearest=Example_3 novel=True
null9000  n219      |G|=228 min_d=0.7054 nearest=Example_3 novel=True
null9000  n220      |G|=230 min_d=0.7024 nearest=Example_3 novel=True
null9000  n222      |G|=229 min_d=0.7039 nearest=Example_3 novel=True
null9000  n223      |G|=228 min_d=0.7054 nearest=Example_3 novel=True
null9000  n226      |G|=229 min_d=0.7039 nearest=Example_3 novel=True
null9000  n227      |G|=228 min_d=0.7054 nearest=Example_3 novel=True
null9000  n229      |G|=228 min_d=0.7054 nearest=Example_3 novel=True
null9000  n230      |G|=228 min_d=0.7054 nearest=Example_3 novel=True
null9000  n231      |G|=228 min_d=0.7054 nearest=Example_3 novel=True
null9000  n232      |G|=229 min_d=0.7039 nearest=Example_3 novel=True
null9000  n234      |G|=229 min_d=0.7039 nearest=Example_3 novel=True
null9000  n235      |G|=227 min_d=0.7068 nearest=Example_3 novel=True
null9000  n236      |G|=229 min_d=0.7039 nearest=Example_3 novel=True
null9000  n237      |G|=229 min_d=0.7039 nearest=Example_3 novel=True
null9000  n238      |G|=230 min_d=0.7024 nearest=Example_3 novel=True
null9000  n239      |G|=228 min_d=0.7054 nearest=Example_3 novel=True
null9000  n240      |G|=228 min_d=0.7054 nearest=Example_3 novel=True
null9000  n241      |G|=228 min_d=0.7054 nearest=Example_3 novel=True
null9000  n245      |G|=228 min_d=0.7054 nearest=Example_3 novel=True
null9000  n246      |G|=229 min_d=0.7039 nearest=Example_3 novel=True
null9000  n247      |G|=228 min_d=0.7054 nearest=Example_3 novel=True
null9000  n248      |G|=229 min_d=0.7039 nearest=Example_3 novel=True
null9000  n249      |G|=228 min_d=0.7054 nearest=Example_3 novel=True
null9000  n250      |G|=228 min_d=0.7054 nearest=Example_3 novel=True
null9000  n254      |G|=229 min_d=0.7039 nearest=Example_3 novel=True
null9000  n255      |G|=228 min_d=0.7054 nearest=Example_3 novel=True
null9000  n256      |G|=229 min_d=0.7039 nearest=Example_3 novel=True
null9000  n257      |G|=229 min_d=0.7039 nearest=Example_3 novel=True
null9000  n259      |G|=229 min_d=0.7039 nearest=Example_3 novel=True
null9000  n260      |G|=229 min_d=0.7039 nearest=Example_3 novel=True
null9000  n261      |G|=228 min_d=0.7054 nearest=Example_3 novel=True
null9000  n262      |G|=229 min_d=0.7039 nearest=Example_3 novel=True
null9000  n263      |G|=229 min_d=0.7058 nearest=Example_3 novel=True
null9000  n264      |G|=229 min_d=0.7039 nearest=Example_3 novel=True
null9000  n265      |G|=228 min_d=0.7054 nearest=Example_3 novel=True
null9000  n267      |G|=228 min_d=0.7054 nearest=Example_3 novel=True
null9000  n268      |G|=229 min_d=0.7039 nearest=Example_3 novel=True
null9000  n269      |G|=228 min_d=0.7054 nearest=Example_3 novel=True
null9000  n270      |G|=229 min_d=0.7039 nearest=Example_3 novel=True
null9000  n271      |G|=228 min_d=0.7054 nearest=Example_3 novel=True
null9000  n272      |G|=230 min_d=0.7043 nearest=Example_3 novel=True
null9000  n273      |G|=228 min_d=0.7054 nearest=Example_3 novel=True
null9000  n274      |G|=228 min_d=0.7054 nearest=Example_3 novel=True
null9000  n275      |G|=228 min_d=0.7054 nearest=Example_3 novel=True
null9000  n276      |G|=229 min_d=0.7039 nearest=Example_3 novel=True
null9000  n277      |G|=228 min_d=0.7054 nearest=Example_3 novel=True
null9000  n278      |G|=229 min_d=0.7039 nearest=Example_3 novel=True
null9000  n279      |G|=228 min_d=0.7054 nearest=Example_3 novel=True
null9000  n280      |G|=228 min_d=0.7054 nearest=Example_3 novel=True
null9000  n282      |G|=229 min_d=0.7039 nearest=Example_3 novel=True
null9000  n283      |G|=229 min_d=0.7039 nearest=Example_3 novel=True
null9000  n285      |G|=229 min_d=0.7039 nearest=Example_3 novel=True
null9000  n286      |G|=231 min_d=0.7009 nearest=Example_3 novel=True
null9000  n287      |G|=228 min_d=0.7054 nearest=Example_3 novel=True
null9000  n288      |G|=229 min_d=0.7039 nearest=Example_3 novel=True
null9000  n289      |G|=228 min_d=0.7054 nearest=Example_3 novel=True
null9000  n290      |G|=229 min_d=0.7039 nearest=Example_3 novel=True
null9000  n291      |G|=228 min_d=0.7054 nearest=Example_3 novel=True
null9000  n292      |G|=230 min_d=0.7024 nearest=Example_3 novel=True
null9000  n294      |G|=230 min_d=0.7043 nearest=Example_3 novel=True
null9000  n295      |G|=228 min_d=0.7054 nearest=Example_3 novel=True
null9000  n296      |G|=229 min_d=0.7039 nearest=Example_3 novel=True
null9000  n298      |G|=229 min_d=0.7039 nearest=Example_3 novel=True
null9000  n299      |G|=230 min_d=0.7024 nearest=Example_3 novel=True
null9000  n303      |G|=228 min_d=0.7054 nearest=Example_3 novel=True
null9000  n304      |G|=229 min_d=0.7039 nearest=Example_3 novel=True
null9000  n305      |G|=228 min_d=0.7054 nearest=Example_3 novel=True
null9000  n306      |G|=229 min_d=0.7039 nearest=Example_3 novel=True
null9000  n308      |G|=229 min_d=0.7039 nearest=Example_3 novel=True
null9000  n309      |G|=228 min_d=0.7054 nearest=Example_3 novel=True
null9000  n311      |G|=228 min_d=0.7054 nearest=Example_3 novel=True
null9000  n312      |G|=229 min_d=0.7039 nearest=Example_3 novel=True
null9000  n314      |G|=229 min_d=0.7039 nearest=Example_3 novel=True
null9000  n315      |G|=228 min_d=0.7054 nearest=Example_3 novel=True
null9000  n316      |G|=231 min_d=0.7009 nearest=Example_3 novel=True
null9000  n318      |G|=228 min_d=0.7054 nearest=Example_3 novel=True
null9000  n320      |G|=230 min_d=0.7043 nearest=Example_3 novel=True
null9000  n322      |G|=229 min_d=0.7039 nearest=Example_3 novel=True
null9000  n325      |G|=228 min_d=0.7054 nearest=Example_3 novel=True
null9000  n327      |G|=228 min_d=0.7054 nearest=Example_3 novel=True
null9000  n330      |G|=230 min_d=0.7024 nearest=Example_3 novel=True
null9000  n331      |G|=230 min_d=0.7024 nearest=Example_3 novel=True
null9000  n332      |G|=229 min_d=0.7039 nearest=Example_3 novel=True
null9000  n333      |G|=229 min_d=0.7039 nearest=Example_3 novel=True
null9000  n335      |G|=228 min_d=0.7054 nearest=Example_3 novel=True
null9000  n336      |G|=229 min_d=0.7039 nearest=Example_3 novel=True
null9000  n337      |G|=229 min_d=0.7039 nearest=Example_3 novel=True
null9000  n340      |G|=232 min_d=0.7013 nearest=Example_3 novel=True
null9000  n342      |G|=229 min_d=0.7039 nearest=Example_3 novel=True
null9000  n344      |G|=229 min_d=0.7039 nearest=Example_3 novel=True
null9000  n347      |G|=228 min_d=0.7054 nearest=Example_3 novel=True
null9000  n352      |G|=229 min_d=0.7039 nearest=Example_3 novel=True
null9000  n354      |G|=230 min_d=0.7024 nearest=Example_3 novel=True
null9000  n355      |G|=229 min_d=0.7058 nearest=Example_3 novel=True
null9000  n357      |G|=228 min_d=0.7054 nearest=Example_3 novel=True
null9000  n359      |G|=229 min_d=0.7039 nearest=Example_3 novel=True
null9000  n360      |G|=228 min_d=0.7054 nearest=Example_3 novel=True
null9000  n361      |G|=227 min_d=0.7068 nearest=Example_3 novel=True
null9000  n362      |G|=229 min_d=0.7039 nearest=Example_3 novel=True
null9000  n363      |G|=228 min_d=0.7054 nearest=Example_3 novel=True
null9000  n364      |G|=229 min_d=0.7039 nearest=Example_3 novel=True
null9000  n365      |G|=228 min_d=0.7054 nearest=Example_3 novel=True
null9000  n366      |G|=229 min_d=0.7039 nearest=Example_3 novel=True
null9000  n367      |G|=227 min_d=0.7068 nearest=Example_3 novel=True
null9000  n368      |G|=229 min_d=0.7039 nearest=Example_3 novel=True
null9000  n369      |G|=230 min_d=0.7024 nearest=Example_3 novel=True
null9000  n373      |G|=228 min_d=0.7054 nearest=Example_3 novel=True
null9000  n374      |G|=228 min_d=0.7054 nearest=Example_3 novel=True
null9000  n378      |G|=230 min_d=0.7024 nearest=Example_3 novel=True
null9000  n379      |G|=228 min_d=0.7054 nearest=Example_3 novel=True
null9000  n382      |G|=229 min_d=0.7039 nearest=Example_3 novel=True
null9000  n383      |G|=228 min_d=0.7054 nearest=Example_3 novel=True
null9000  n384      |G|=229 min_d=0.7039 nearest=Example_3 novel=True
null9000  n386      |G|=229 min_d=0.7039 nearest=Example_3 novel=True
null9000  n388      |G|=229 min_d=0.7039 nearest=Example_3 novel=True
null9000  n389      |G|=227 min_d=0.7068 nearest=Example_3 novel=True
null9000  n390      |G|=231 min_d=0.7028 nearest=Example_3 novel=True
null9000  n391      |G|=228 min_d=0.7054 nearest=Example_3 novel=True
null9000  n393      |G|=229 min_d=0.7039 nearest=Example_3 novel=True
null9000  n394      |G|=229 min_d=0.7039 nearest=Example_3 novel=True
null9000  n395      |G|=228 min_d=0.7054 nearest=Example_3 novel=True
null9000  n396      |G|=229 min_d=0.7039 nearest=Example_3 novel=True
null9000  n398      |G|=229 min_d=0.7039 nearest=Example_3 novel=True
null9000  n399      |G|=228 min_d=0.7054 nearest=Example_3 novel=True
null9000  n400      |G|=230 min_d=0.7024 nearest=Example_3 novel=True
null9000  n401      |G|=229 min_d=0.7039 nearest=Example_3 novel=True
null9000  n405      |G|=228 min_d=0.7054 nearest=Example_3 novel=True
null9000  n406      |G|=229 min_d=0.7039 nearest=Example_3 novel=True
null9000  n408      |G|=228 min_d=0.7054 nearest=Example_3 novel=True
null9000  n409      |G|=228 min_d=0.7054 nearest=Example_3 novel=True
null9000  n410      |G|=228 min_d=0.7054 nearest=Example_3 novel=True
null9000  n412      |G|=229 min_d=0.7039 nearest=Example_3 novel=True
null9000  n415      |G|=227 min_d=0.7068 nearest=Example_3 novel=True
null9000  n416      |G|=229 min_d=0.7039 nearest=Example_3 novel=True
null9000  n417      |G|=228 min_d=0.7054 nearest=Example_3 novel=True
null9000  n418      |G|=229 min_d=0.7039 nearest=Example_3 novel=True
null9000  n419      |G|=229 min_d=0.7058 nearest=Example_3 novel=True
null9000  n420      |G|=230 min_d=0.7024 nearest=Example_3 novel=True
null9000  n421      |G|=228 min_d=0.7054 nearest=Example_3 novel=True
null9000  n422      |G|=230 min_d=0.7024 nearest=Example_3 novel=True
null9000  n423      |G|=229 min_d=0.7039 nearest=Example_3 novel=True
null9000  n424      |G|=229 min_d=0.7039 nearest=Example_3 novel=True
null9000  n426      |G|=229 min_d=0.7039 nearest=Example_3 novel=True
null9000  n427      |G|=229 min_d=0.7058 nearest=Example_3 novel=True
null9000  n429      |G|=229 min_d=0.7058 nearest=Example_3 novel=True
null9000  n430      |G|=229 min_d=0.7039 nearest=Example_3 novel=True
corpus size 4 (4 published anchors alone, amendment-08)
seed30    g23_i0    |G|=229 min_d=0.7039 nearest=Example_3 novel=True
seed30    g23_i1    |G|=230 min_d=0.7024 nearest=Example_3 novel=True
seed30    g23_i3    |G|=231 min_d=0.7028 nearest=Example_3 novel=True
seed30    g23_i4    |G|=230 min_d=0.6907 nearest=Example_3 novel=True
seed30    g23_i5    |G|=228 min_d=0.7054 nearest=Example_3 novel=True
seed30    g23_i6    |G|=229 min_d=0.7039 nearest=Example_3 novel=True
seed30    g23_i7    |G|=229 min_d=0.7039 nearest=Example_3 novel=True
seed30    g23_i8    |G|=229 min_d=0.7039 nearest=Example_3 novel=True
seed30    g23_i9    |G|=229 min_d=0.7039 nearest=Example_3 novel=True
seed30    g23_i12   |G|=229 min_d=0.7039 nearest=Example_3 novel=True
seed30    g23_i13   |G|=229 min_d=0.7039 nearest=Example_3 novel=True
seed30    g23_i14   |G|=230 min_d=0.7024 nearest=Example_3 novel=True
seed30    g23_i19   |G|=229 min_d=0.7039 nearest=Example_3 novel=True
seed31    g23_i0    |G|=230 min_d=0.7024 nearest=Example_3 novel=True
seed31    g23_i2    |G|=231 min_d=0.7028 nearest=Example_3 novel=True
seed31    g23_i3    |G|=230 min_d=0.7024 nearest=Example_3 novel=True
seed31    g23_i4    |G|=232 min_d=0.6916 nearest=Example_3 novel=True
seed31    g23_i7    |G|=231 min_d=0.7009 nearest=Example_3 novel=True
seed31    g23_i12   |G|=231 min_d=0.7028 nearest=Example_3 novel=True
seed31    g23_i14   |G|=230 min_d=0.7024 nearest=Example_3 novel=True
seed31    g23_i15   |G|=231 min_d=0.7028 nearest=Example_3 novel=True
seed31    g23_i16   |G|=232 min_d=0.7033 nearest=Example_3 novel=True
seed31    g23_i19   |G|=231 min_d=0.7028 nearest=Example_3 novel=True
seed32    g23_i0    |G|=231 min_d=0.7009 nearest=Example_3 novel=True
seed32    g23_i3    |G|=233 min_d=0.6979 nearest=Example_3 novel=True
seed32    g23_i4    |G|=230 min_d=0.7024 nearest=Example_3 novel=True
seed32    g23_i5    |G|=229 min_d=0.7039 nearest=Example_3 novel=True
seed32    g23_i7    |G|=230 min_d=0.7024 nearest=Example_3 novel=True
seed32    g23_i8    |G|=231 min_d=0.7028 nearest=Example_3 novel=True
seed32    g23_i9    |G|=231 min_d=0.7009 nearest=Example_3 novel=True
seed32    g23_i10   |G|=229 min_d=0.7039 nearest=Example_3 novel=True
seed32    g23_i11   |G|=231 min_d=0.7009 nearest=Example_3 novel=True
seed32    g23_i12   |G|=231 min_d=0.7009 nearest=Example_3 novel=True
seed32    g23_i15   |G|=230 min_d=0.7024 nearest=Example_3 novel=True
seed32    g23_i16   |G|=231 min_d=0.7009 nearest=Example_3 novel=True
seed32    g23_i18   |G|=229 min_d=0.7039 nearest=Example_3 novel=True
seed32    g23_i19   |G|=231 min_d=0.7009 nearest=Example_3 novel=True
null9000  n1        |G|=228 min_d=0.7054 nearest=Example_3 novel=True
null9000  n4        |G|=229 min_d=0.7039 nearest=Example_3 novel=True
null9000  n6        |G|=228 min_d=0.7054 nearest=Example_3 novel=True
null9000  n7        |G|=229 min_d=0.7039 nearest=Example_3 novel=True
null9000  n8        |G|=229 min_d=0.7039 nearest=Example_3 novel=True
null9000  n9        |G|=229 min_d=0.7039 nearest=Example_3 novel=True
null9000  n10       |G|=230 min_d=0.7024 nearest=Example_3 novel=True
null9000  n12       |G|=230 min_d=0.7024 nearest=Example_3 novel=True
null9000  n13       |G|=228 min_d=0.7054 nearest=Example_3 novel=True
null9000  n14       |G|=229 min_d=0.7039 nearest=Example_3 novel=True
null9000  n17       |G|=229 min_d=0.7039 nearest=Example_3 novel=True
null9000  n18       |G|=228 min_d=0.7054 nearest=Example_3 novel=True
null9000  n19       |G|=228 min_d=0.7054 nearest=Example_3 novel=True
null9000  n21       |G|=228 min_d=0.7054 nearest=Example_3 novel=True
null9000  n22       |G|=229 min_d=0.7039 nearest=Example_3 novel=True
null9000  n23       |G|=228 min_d=0.7054 nearest=Example_3 novel=True
null9000  n25       |G|=228 min_d=0.7054 nearest=Example_3 novel=True
null9000  n28       |G|=229 min_d=0.7039 nearest=Example_3 novel=True
null9000  n29       |G|=228 min_d=0.7054 nearest=Example_3 novel=True
null9000  n30       |G|=229 min_d=0.7039 nearest=Example_3 novel=True
null9000  n31       |G|=228 min_d=0.7054 nearest=Example_3 novel=True
null9000  n33       |G|=228 min_d=0.7054 nearest=Example_3 novel=True
null9000  n34       |G|=227 min_d=0.7068 nearest=Example_3 novel=True
null9000  n36       |G|=229 min_d=0.7039 nearest=Example_3 novel=True
null9000  n38       |G|=229 min_d=0.7039 nearest=Example_3 novel=True
null9000  n40       |G|=229 min_d=0.7039 nearest=Example_3 novel=True
null9000  n41       |G|=228 min_d=0.7054 nearest=Example_3 novel=True
null9000  n42       |G|=230 min_d=0.7024 nearest=Example_3 novel=True
null9000  n43       |G|=229 min_d=0.7058 nearest=Example_3 novel=True
null9000  n44       |G|=229 min_d=0.7039 nearest=Example_3 novel=True
null9000  n45       |G|=228 min_d=0.7054 nearest=Example_3 novel=True
null9000  n46       |G|=231 min_d=0.7009 nearest=Example_3 novel=True
null9000  n47       |G|=228 min_d=0.7054 nearest=Example_3 novel=True
null9000  n48       |G|=230 min_d=0.7043 nearest=Example_3 novel=True
null9000  n49       |G|=228 min_d=0.7054 nearest=Example_3 novel=True
null9000  n50       |G|=229 min_d=0.7039 nearest=Example_3 novel=True
null9000  n51       |G|=228 min_d=0.7054 nearest=Example_3 novel=True
null9000  n52       |G|=229 min_d=0.7039 nearest=Example_3 novel=True
null9000  n53       |G|=228 min_d=0.7054 nearest=Example_3 novel=True
null9000  n54       |G|=228 min_d=0.7054 nearest=Example_3 novel=True
null9000  n55       |G|=229 min_d=0.7039 nearest=Example_3 novel=True
null9000  n56       |G|=230 min_d=0.7024 nearest=Example_3 novel=True
null9000  n57       |G|=229 min_d=0.7039 nearest=Example_3 novel=True
null9000  n58       |G|=229 min_d=0.7039 nearest=Example_3 novel=True
null9000  n59       |G|=228 min_d=0.7054 nearest=Example_3 novel=True
null9000  n60       |G|=229 min_d=0.7039 nearest=Example_3 novel=True
null9000  n62       |G|=230 min_d=0.7024 nearest=Example_3 novel=True
null9000  n64       |G|=229 min_d=0.7039 nearest=Example_3 novel=True
null9000  n65       |G|=228 min_d=0.7054 nearest=Example_3 novel=True
null9000  n67       |G|=228 min_d=0.7054 nearest=Example_3 novel=True
null9000  n68       |G|=230 min_d=0.7024 nearest=Example_3 novel=True
null9000  n69       |G|=228 min_d=0.7054 nearest=Example_3 novel=True
null9000  n71       |G|=228 min_d=0.7054 nearest=Example_3 novel=True
null9000  n73       |G|=228 min_d=0.7054 nearest=Example_3 novel=True
null9000  n74       |G|=229 min_d=0.7039 nearest=Example_3 novel=True
null9000  n76       |G|=230 min_d=0.7024 nearest=Example_3 novel=True
null9000  n77       |G|=228 min_d=0.7054 nearest=Example_3 novel=True
null9000  n78       |G|=230 min_d=0.7024 nearest=Example_3 novel=True
null9000  n80       |G|=228 min_d=0.7054 nearest=Example_3 novel=True
null9000  n81       |G|=228 min_d=0.7054 nearest=Example_3 novel=True
null9000  n82       |G|=228 min_d=0.7054 nearest=Example_3 novel=True
null9000  n83       |G|=228 min_d=0.7054 nearest=Example_3 novel=True
null9000  n84       |G|=229 min_d=0.7039 nearest=Example_3 novel=True
null9000  n85       |G|=228 min_d=0.7054 nearest=Example_3 novel=True
null9000  n86       |G|=228 min_d=0.7054 nearest=Example_3 novel=True
null9000  n87       |G|=229 min_d=0.7039 nearest=Example_3 novel=True
null9000  n88       |G|=229 min_d=0.7039 nearest=Example_3 novel=True
null9000  n89       |G|=228 min_d=0.7054 nearest=Example_3 novel=True
null9000  n90       |G|=229 min_d=0.7039 nearest=Example_3 novel=True
null9000  n91       |G|=227 min_d=0.7068 nearest=Example_3 novel=True
null9000  n95       |G|=228 min_d=0.7054 nearest=Example_3 novel=True
null9000  n98       |G|=229 min_d=0.7039 nearest=Example_3 novel=True
null9000  n100      |G|=229 min_d=0.7039 nearest=Example_3 novel=True
null9000  n101      |G|=228 min_d=0.7054 nearest=Example_3 novel=True
null9000  n102      |G|=229 min_d=0.7039 nearest=Example_3 novel=True
null9000  n103      |G|=228 min_d=0.7054 nearest=Example_3 novel=True
null9000  n104      |G|=229 min_d=0.7039 nearest=Example_3 novel=True
null9000  n106      |G|=230 min_d=0.7024 nearest=Example_3 novel=True
null9000  n108      |G|=229 min_d=0.7039 nearest=Example_3 novel=True
null9000  n111      |G|=230 min_d=0.7043 nearest=Example_3 novel=True
null9000  n114      |G|=229 min_d=0.7039 nearest=Example_3 novel=True
null9000  n116      |G|=229 min_d=0.7039 nearest=Example_3 novel=True
null9000  n118      |G|=229 min_d=0.7039 nearest=Example_3 novel=True
null9000  n119      |G|=228 min_d=0.7054 nearest=Example_3 novel=True
null9000  n120      |G|=229 min_d=0.7039 nearest=Example_3 novel=True
null9000  n122      |G|=229 min_d=0.7039 nearest=Example_3 novel=True
null9000  n123      |G|=228 min_d=0.7054 nearest=Example_3 novel=True
null9000  n124      |G|=229 min_d=0.7039 nearest=Example_3 novel=True
null9000  n125      |G|=228 min_d=0.7054 nearest=Example_3 novel=True
null9000  n126      |G|=229 min_d=0.7039 nearest=Example_3 novel=True
null9000  n128      |G|=229 min_d=0.7039 nearest=Example_3 novel=True
null9000  n129      |G|=227 min_d=0.7068 nearest=Example_3 novel=True
null9000  n130      |G|=229 min_d=0.7039 nearest=Example_3 novel=True
null9000  n131      |G|=228 min_d=0.7054 nearest=Example_3 novel=True
null9000  n133      |G|=229 min_d=0.7058 nearest=Example_3 novel=True
null9000  n134      |G|=230 min_d=0.7024 nearest=Example_3 novel=True
null9000  n135      |G|=229 min_d=0.7058 nearest=Example_3 novel=True
null9000  n136      |G|=229 min_d=0.7039 nearest=Example_3 novel=True
null9000  n137      |G|=230 min_d=0.7043 nearest=Example_3 novel=True
null9000  n138      |G|=229 min_d=0.7039 nearest=Example_3 novel=True
null9000  n139      |G|=230 min_d=0.7024 nearest=Example_3 novel=True
null9000  n140      |G|=228 min_d=0.7054 nearest=Example_3 novel=True
null9000  n141      |G|=228 min_d=0.7054 nearest=Example_3 novel=True
null9000  n142      |G|=229 min_d=0.7039 nearest=Example_3 novel=True
null9000  n143      |G|=228 min_d=0.7054 nearest=Example_3 novel=True
null9000  n144      |G|=228 min_d=0.7054 nearest=Example_3 novel=True
null9000  n145      |G|=228 min_d=0.7054 nearest=Example_3 novel=True
null9000  n146      |G|=228 min_d=0.7015 nearest=Example_3 novel=True
null9000  n147      |G|=228 min_d=0.7054 nearest=Example_3 novel=True
null9000  n150      |G|=229 min_d=0.7039 nearest=Example_3 novel=True
null9000  n152      |G|=229 min_d=0.7039 nearest=Example_3 novel=True
null9000  n153      |G|=228 min_d=0.7054 nearest=Example_3 novel=True
null9000  n154      |G|=230 min_d=0.7024 nearest=Example_3 novel=True
null9000  n156      |G|=229 min_d=0.7039 nearest=Example_3 novel=True
null9000  n157      |G|=228 min_d=0.7054 nearest=Example_3 novel=True
null9000  n158      |G|=229 min_d=0.7039 nearest=Example_3 novel=True
null9000  n159      |G|=227 min_d=0.7068 nearest=Example_3 novel=True
null9000  n160      |G|=229 min_d=0.7039 nearest=Example_3 novel=True
null9000  n161      |G|=228 min_d=0.7054 nearest=Example_3 novel=True
null9000  n164      |G|=229 min_d=0.7039 nearest=Example_3 novel=True
null9000  n165      |G|=228 min_d=0.7054 nearest=Example_3 novel=True
null9000  n168      |G|=229 min_d=0.7039 nearest=Example_3 novel=True
null9000  n169      |G|=228 min_d=0.7054 nearest=Example_3 novel=True
null9000  n171      |G|=228 min_d=0.7054 nearest=Example_3 novel=True
null9000  n172      |G|=229 min_d=0.7039 nearest=Example_3 novel=True
null9000  n173      |G|=228 min_d=0.7054 nearest=Example_3 novel=True
null9000  n174      |G|=229 min_d=0.7039 nearest=Example_3 novel=True
null9000  n175      |G|=229 min_d=0.7039 nearest=Example_3 novel=True
null9000  n176      |G|=230 min_d=0.7043 nearest=Example_3 novel=True
null9000  n177      |G|=228 min_d=0.7054 nearest=Example_3 novel=True
null9000  n178      |G|=229 min_d=0.7039 nearest=Example_3 novel=True
null9000  n179      |G|=228 min_d=0.7054 nearest=Example_3 novel=True
null9000  n180      |G|=229 min_d=0.7039 nearest=Example_3 novel=True
null9000  n182      |G|=229 min_d=0.7039 nearest=Example_3 novel=True
null9000  n183      |G|=228 min_d=0.7054 nearest=Example_3 novel=True
null9000  n184      |G|=229 min_d=0.7039 nearest=Example_3 novel=True
null9000  n186      |G|=229 min_d=0.7039 nearest=Example_3 novel=True
null9000  n190      |G|=230 min_d=0.7024 nearest=Example_3 novel=True
null9000  n192      |G|=230 min_d=0.7024 nearest=Example_3 novel=True
null9000  n193      |G|=228 min_d=0.7054 nearest=Example_3 novel=True
null9000  n195      |G|=228 min_d=0.7054 nearest=Example_3 novel=True
null9000  n196      |G|=229 min_d=0.7039 nearest=Example_3 novel=True
null9000  n199      |G|=229 min_d=0.7039 nearest=Example_3 novel=True
null9000  n200      |G|=229 min_d=0.7039 nearest=Example_3 novel=True
null9000  n201      |G|=227 min_d=0.7049 nearest=Example_3 novel=True
null9000  n203      |G|=228 min_d=0.7054 nearest=Example_3 novel=True
null9000  n204      |G|=229 min_d=0.7039 nearest=Example_3 novel=True
null9000  n206      |G|=229 min_d=0.7039 nearest=Example_3 novel=True
null9000  n207      |G|=229 min_d=0.7039 nearest=Example_3 novel=True
null9000  n208      |G|=229 min_d=0.7039 nearest=Example_3 novel=True
null9000  n209      |G|=229 min_d=0.7039 nearest=Example_3 novel=True
null9000  n210      |G|=228 min_d=0.7054 nearest=Example_3 novel=True
null9000  n212      |G|=229 min_d=0.7039 nearest=Example_3 novel=True
null9000  n213      |G|=229 min_d=0.7058 nearest=Example_3 novel=True
null9000  n214      |G|=230 min_d=0.7043 nearest=Example_3 novel=True
null9000  n217      |G|=228 min_d=0.7054 nearest=Example_3 novel=True
null9000  n219      |G|=228 min_d=0.7054 nearest=Example_3 novel=True
null9000  n220      |G|=230 min_d=0.7024 nearest=Example_3 novel=True
null9000  n222      |G|=229 min_d=0.7039 nearest=Example_3 novel=True
null9000  n223      |G|=228 min_d=0.7054 nearest=Example_3 novel=True
null9000  n226      |G|=229 min_d=0.7039 nearest=Example_3 novel=True
null9000  n227      |G|=228 min_d=0.7054 nearest=Example_3 novel=True
null9000  n229      |G|=228 min_d=0.7054 nearest=Example_3 novel=True
null9000  n230      |G|=228 min_d=0.7054 nearest=Example_3 novel=True
null9000  n231      |G|=228 min_d=0.7054 nearest=Example_3 novel=True
null9000  n232      |G|=229 min_d=0.7039 nearest=Example_3 novel=True
null9000  n234      |G|=229 min_d=0.7039 nearest=Example_3 novel=True
null9000  n235      |G|=227 min_d=0.7068 nearest=Example_3 novel=True
null9000  n236      |G|=229 min_d=0.7039 nearest=Example_3 novel=True
null9000  n237      |G|=229 min_d=0.7039 nearest=Example_3 novel=True
null9000  n238      |G|=230 min_d=0.7024 nearest=Example_3 novel=True
null9000  n239      |G|=228 min_d=0.7054 nearest=Example_3 novel=True
null9000  n240      |G|=228 min_d=0.7054 nearest=Example_3 novel=True
null9000  n241      |G|=228 min_d=0.7054 nearest=Example_3 novel=True
null9000  n245      |G|=228 min_d=0.7054 nearest=Example_3 novel=True
null9000  n246      |G|=229 min_d=0.7039 nearest=Example_3 novel=True
null9000  n247      |G|=228 min_d=0.7054 nearest=Example_3 novel=True
null9000  n248      |G|=229 min_d=0.7039 nearest=Example_3 novel=True
null9000  n249      |G|=228 min_d=0.7054 nearest=Example_3 novel=True
null9000  n250      |G|=228 min_d=0.7054 nearest=Example_3 novel=True
null9000  n254      |G|=229 min_d=0.7039 nearest=Example_3 novel=True
null9000  n255      |G|=228 min_d=0.7054 nearest=Example_3 novel=True
null9000  n256      |G|=229 min_d=0.7039 nearest=Example_3 novel=True
null9000  n257      |G|=229 min_d=0.7039 nearest=Example_3 novel=True
null9000  n259      |G|=229 min_d=0.7039 nearest=Example_3 novel=True
null9000  n260      |G|=229 min_d=0.7039 nearest=Example_3 novel=True
null9000  n261      |G|=228 min_d=0.7054 nearest=Example_3 novel=True
null9000  n262      |G|=229 min_d=0.7039 nearest=Example_3 novel=True
null9000  n263      |G|=229 min_d=0.7058 nearest=Example_3 novel=True
null9000  n264      |G|=229 min_d=0.7039 nearest=Example_3 novel=True
null9000  n265      |G|=228 min_d=0.7054 nearest=Example_3 novel=True
null9000  n267      |G|=228 min_d=0.7054 nearest=Example_3 novel=True
null9000  n268      |G|=229 min_d=0.7039 nearest=Example_3 novel=True
null9000  n269      |G|=228 min_d=0.7054 nearest=Example_3 novel=True
null9000  n270      |G|=229 min_d=0.7039 nearest=Example_3 novel=True
null9000  n271      |G|=228 min_d=0.7054 nearest=Example_3 novel=True
null9000  n272      |G|=230 min_d=0.7043 nearest=Example_3 novel=True
null9000  n273      |G|=228 min_d=0.7054 nearest=Example_3 novel=True
null9000  n274      |G|=228 min_d=0.7054 nearest=Example_3 novel=True
null9000  n275      |G|=228 min_d=0.7054 nearest=Example_3 novel=True
null9000  n276      |G|=229 min_d=0.7039 nearest=Example_3 novel=True
null9000  n277      |G|=228 min_d=0.7054 nearest=Example_3 novel=True
null9000  n278      |G|=229 min_d=0.7039 nearest=Example_3 novel=True
null9000  n279      |G|=228 min_d=0.7054 nearest=Example_3 novel=True
null9000  n280      |G|=228 min_d=0.7054 nearest=Example_3 novel=True
null9000  n282      |G|=229 min_d=0.7039 nearest=Example_3 novel=True
null9000  n283      |G|=229 min_d=0.7039 nearest=Example_3 novel=True
null9000  n285      |G|=229 min_d=0.7039 nearest=Example_3 novel=True
null9000  n286      |G|=231 min_d=0.7009 nearest=Example_3 novel=True
null9000  n287      |G|=228 min_d=0.7054 nearest=Example_3 novel=True
null9000  n288      |G|=229 min_d=0.7039 nearest=Example_3 novel=True
null9000  n289      |G|=228 min_d=0.7054 nearest=Example_3 novel=True
null9000  n290      |G|=229 min_d=0.7039 nearest=Example_3 novel=True
null9000  n291      |G|=228 min_d=0.7054 nearest=Example_3 novel=True
null9000  n292      |G|=230 min_d=0.7024 nearest=Example_3 novel=True
null9000  n294      |G|=230 min_d=0.7043 nearest=Example_3 novel=True
null9000  n295      |G|=228 min_d=0.7054 nearest=Example_3 novel=True
null9000  n296      |G|=229 min_d=0.7039 nearest=Example_3 novel=True
null9000  n298      |G|=229 min_d=0.7039 nearest=Example_3 novel=True
null9000  n299      |G|=230 min_d=0.7024 nearest=Example_3 novel=True
null9000  n303      |G|=228 min_d=0.7054 nearest=Example_3 novel=True
null9000  n304      |G|=229 min_d=0.7039 nearest=Example_3 novel=True
null9000  n305      |G|=228 min_d=0.7054 nearest=Example_3 novel=True
null9000  n306      |G|=229 min_d=0.7039 nearest=Example_3 novel=True
null9000  n308      |G|=229 min_d=0.7039 nearest=Example_3 novel=True
null9000  n309      |G|=228 min_d=0.7054 nearest=Example_3 novel=True
null9000  n311      |G|=228 min_d=0.7054 nearest=Example_3 novel=True
null9000  n312      |G|=229 min_d=0.7039 nearest=Example_3 novel=True
null9000  n314      |G|=229 min_d=0.7039 nearest=Example_3 novel=True
null9000  n315      |G|=228 min_d=0.7054 nearest=Example_3 novel=True
null9000  n316      |G|=231 min_d=0.7009 nearest=Example_3 novel=True
null9000  n318      |G|=228 min_d=0.7054 nearest=Example_3 novel=True
null9000  n320      |G|=230 min_d=0.7043 nearest=Example_3 novel=True
null9000  n322      |G|=229 min_d=0.7039 nearest=Example_3 novel=True
null9000  n325      |G|=228 min_d=0.7054 nearest=Example_3 novel=True
null9000  n327      |G|=228 min_d=0.7054 nearest=Example_3 novel=True
null9000  n330      |G|=230 min_d=0.7024 nearest=Example_3 novel=True
null9000  n331      |G|=230 min_d=0.7024 nearest=Example_3 novel=True
null9000  n332      |G|=229 min_d=0.7039 nearest=Example_3 novel=True
null9000  n333      |G|=229 min_d=0.7039 nearest=Example_3 novel=True
null9000  n335      |G|=228 min_d=0.7054 nearest=Example_3 novel=True
null9000  n336      |G|=229 min_d=0.7039 nearest=Example_3 novel=True
null9000  n337      |G|=229 min_d=0.7039 nearest=Example_3 novel=True
null9000  n340      |G|=232 min_d=0.7013 nearest=Example_3 novel=True
null9000  n342      |G|=229 min_d=0.7039 nearest=Example_3 novel=True
null9000  n344      |G|=229 min_d=0.7039 nearest=Example_3 novel=True
null9000  n347      |G|=228 min_d=0.7054 nearest=Example_3 novel=True
null9000  n352      |G|=229 min_d=0.7039 nearest=Example_3 novel=True
null9000  n354      |G|=230 min_d=0.7024 nearest=Example_3 novel=True
null9000  n355      |G|=229 min_d=0.7058 nearest=Example_3 novel=True
null9000  n357      |G|=228 min_d=0.7054 nearest=Example_3 novel=True
null9000  n359      |G|=229 min_d=0.7039 nearest=Example_3 novel=True
null9000  n360      |G|=228 min_d=0.7054 nearest=Example_3 novel=True
null9000  n361      |G|=227 min_d=0.7068 nearest=Example_3 novel=True
null9000  n362      |G|=229 min_d=0.7039 nearest=Example_3 novel=True
null9000  n363      |G|=228 min_d=0.7054 nearest=Example_3 novel=True
null9000  n364      |G|=229 min_d=0.7039 nearest=Example_3 novel=True
null9000  n365      |G|=228 min_d=0.7054 nearest=Example_3 novel=True
null9000  n366      |G|=229 min_d=0.7039 nearest=Example_3 novel=True
null9000  n367      |G|=227 min_d=0.7068 nearest=Example_3 novel=True
null9000  n368      |G|=229 min_d=0.7039 nearest=Example_3 novel=True
null9000  n369      |G|=230 min_d=0.7024 nearest=Example_3 novel=True
null9000  n373      |G|=228 min_d=0.7054 nearest=Example_3 novel=True
null9000  n374      |G|=228 min_d=0.7054 nearest=Example_3 novel=True
null9000  n378      |G|=230 min_d=0.7024 nearest=Example_3 novel=True
null9000  n379      |G|=228 min_d=0.7054 nearest=Example_3 novel=True
null9000  n382      |G|=229 min_d=0.7039 nearest=Example_3 novel=True
null9000  n383      |G|=228 min_d=0.7054 nearest=Example_3 novel=True
null9000  n384      |G|=229 min_d=0.7039 nearest=Example_3 novel=True
null9000  n386      |G|=229 min_d=0.7039 nearest=Example_3 novel=True
null9000  n388      |G|=229 min_d=0.7039 nearest=Example_3 novel=True
null9000  n389      |G|=227 min_d=0.7068 nearest=Example_3 novel=True
null9000  n390      |G|=231 min_d=0.7028 nearest=Example_3 novel=True
null9000  n391      |G|=228 min_d=0.7054 nearest=Example_3 novel=True
null9000  n393      |G|=229 min_d=0.7039 nearest=Example_3 novel=True
null9000  n394      |G|=229 min_d=0.7039 nearest=Example_3 novel=True
null9000  n395      |G|=228 min_d=0.7054 nearest=Example_3 novel=True
null9000  n396      |G|=229 min_d=0.7039 nearest=Example_3 novel=True
null9000  n398      |G|=229 min_d=0.7039 nearest=Example_3 novel=True
null9000  n399      |G|=228 min_d=0.7054 nearest=Example_3 novel=True
null9000  n400      |G|=230 min_d=0.7024 nearest=Example_3 novel=True
null9000  n401      |G|=229 min_d=0.7039 nearest=Example_3 novel=True
null9000  n405      |G|=228 min_d=0.7054 nearest=Example_3 novel=True
null9000  n406      |G|=229 min_d=0.7039 nearest=Example_3 novel=True
null9000  n408      |G|=228 min_d=0.7054 nearest=Example_3 novel=True
null9000  n409      |G|=228 min_d=0.7054 nearest=Example_3 novel=True
null9000  n410      |G|=228 min_d=0.7054 nearest=Example_3 novel=True
null9000  n412      |G|=229 min_d=0.7039 nearest=Example_3 novel=True
null9000  n415      |G|=227 min_d=0.7068 nearest=Example_3 novel=True
null9000  n416      |G|=229 min_d=0.7039 nearest=Example_3 novel=True
null9000  n417      |G|=228 min_d=0.7054 nearest=Example_3 novel=True
null9000  n418      |G|=229 min_d=0.7039 nearest=Example_3 novel=True
null9000  n419      |G|=229 min_d=0.7058 nearest=Example_3 novel=True
null9000  n420      |G|=230 min_d=0.7024 nearest=Example_3 novel=True
null9000  n421      |G|=228 min_d=0.7054 nearest=Example_3 novel=True
null9000  n422      |G|=230 min_d=0.7024 nearest=Example_3 novel=True
null9000  n423      |G|=229 min_d=0.7039 nearest=Example_3 novel=True
null9000  n424      |G|=229 min_d=0.7039 nearest=Example_3 novel=True
null9000  n426      |G|=229 min_d=0.7039 nearest=Example_3 novel=True
null9000  n427      |G|=229 min_d=0.7058 nearest=Example_3 novel=True
null9000  n429      |G|=229 min_d=0.7058 nearest=Example_3 novel=True
null9000  n430      |G|=229 min_d=0.7039 nearest=Example_3 novel=True
null9000  n433      |G|=228 min_d=0.7054 nearest=Example_3 novel=True
null9000  n435      |G|=228 min_d=0.7054 nearest=Example_3 novel=True
null9000  n436      |G|=230 min_d=0.7024 nearest=Example_3 novel=True
null9000  n437      |G|=229 min_d=0.7039 nearest=Example_3 novel=True
null9000  n439      |G|=228 min_d=0.7054 nearest=Example_3 novel=True
null9000  n441      |G|=228 min_d=0.7054 nearest=Example_3 novel=True
null9000  n442      |G|=229 min_d=0.7039 nearest=Example_3 novel=True
null9000  n444      |G|=230 min_d=0.7043 nearest=Example_3 novel=True
null9000  n445      |G|=227 min_d=0.7068 nearest=Example_3 novel=True
null9000  n446      |G|=230 min_d=0.7024 nearest=Example_3 novel=True
null9000  n447      |G|=228 min_d=0.7054 nearest=Example_3 novel=True
null9000  n448      |G|=229 min_d=0.7039 nearest=Example_3 novel=True
null9000  n450      |G|=229 min_d=0.7039 nearest=Example_3 novel=True
null9000  n451      |G|=227 min_d=0.7068 nearest=Example_3 novel=True
null9000  n452      |G|=229 min_d=0.7039 nearest=Example_3 novel=True
null9000  n453      |G|=228 min_d=0.7054 nearest=Example_3 novel=True
null9000  n456      |G|=229 min_d=0.7039 nearest=Example_3 novel=True
null9000  n459      |G|=228 min_d=0.7054 nearest=Example_3 novel=True
null9000  n460      |G|=229 min_d=0.7039 nearest=Example_3 novel=True
null9000  n461      |G|=228 min_d=0.7054 nearest=Example_3 novel=True
null9000  n462      |G|=229 min_d=0.7039 nearest=Example_3 novel=True
null9000  n463      |G|=228 min_d=0.7054 nearest=Example_3 novel=True
null9000  n464      |G|=229 min_d=0.7039 nearest=Example_3 novel=True
null9000  n465      |G|=228 min_d=0.7054 nearest=Example_3 novel=True
null9000  n466      |G|=229 min_d=0.7039 nearest=Example_3 novel=True
null9000  n467      |G|=229 min_d=0.7039 nearest=Example_3 novel=True
null9000  n468      |G|=228 min_d=0.7054 nearest=Example_3 novel=True
null9000  n471      |G|=228 min_d=0.7054 nearest=Example_3 novel=True
null9000  n472      |G|=231 min_d=0.7009 nearest=Example_3 novel=True
null9000  n473      |G|=228 min_d=0.7054 nearest=Example_3 novel=True
null9000  n474      |G|=229 min_d=0.7039 nearest=Example_3 novel=True
null9000  n476      |G|=229 min_d=0.7039 nearest=Example_3 novel=True
null9000  n477      |G|=228 min_d=0.7054 nearest=Example_3 novel=True
NOVELTY DONE
