candidates F>0: 32; energy scale (max anchor F_A): 5.5700199999999995
seed10  g15_i0       F=0.01980 [resume: already audited]
seed10  g15_i3       F=0.00090 [resume: already audited]
seed10  g15_i6       F=0.01328 [resume: already audited]
seed10  g15_i9       F=0.01372 [resume: already audited]
seed10  g15_i11      F=0.01568 [resume: already audited]
seed10  g15_i15      F=0.01980 [resume: already audited]
seed10  g15_i19      F=0.01308 [resume: already audited]
seed11  g15_i0       F=0.01722 [resume: already audited]
seed11  g15_i1       F=0.00442 [resume: already audited]
seed11  g15_i2       F=0.01722 [resume: already audited]
seed11  g15_i5       F=0.00792 [resume: already audited]
seed11  g15_i8       F=0.01580 [resume: already audited]
seed11  g15_i9       F=0.01692 [resume: already audited]
seed11  g15_i10      F=0.01722 [resume: already audited]
seed11  g15_i11      F=0.01834 [resume: already audited]
seed11  g15_i12      F=0.01922 [resume: already audited]
seed11  g15_i18      F=0.01692 [resume: already audited]
seed12  g15_i0       F=0.02156 [resume: already audited]
seed12  g15_i1       F=0.02156 [resume: already audited]
seed12  g15_i2       F=0.01946 [resume: already audited]
seed12  g15_i5       F=0.02156 [resume: already audited]
seed12  g15_i6       F=0.01686 [resume: already audited]
seed12  g15_i11      F=0.02156 [resume: already audited]
seed12  g15_i17      F=0.00758 [resume: already audited]
seed12  g15_i18      F=0.01250 [resume: already audited]
null6000 n0           F=0.00350 [resume: already audited]
null6000 n475         F=0.00326 [resume: already audited]
null7000 n1           F=0.00226 [resume: already audited]
null7000 n113         F=0.00202 [resume: already audited]
null7000 n242         F=0.00004 traj=True energy=True det=True valid=True fixed=False PASS=True
null7000 n385         F=0.00600 traj=True energy=True det=True valid=True fixed=False PASS=True
null7000 n403         F=0.00122 traj=True energy=True det=True valid=True fixed=False PASS=True
AUDIT DONE
