candidates F>0: 29; energy scale (max anchor F_A): 5.5700199999999995
seed10  g15_i0       F=0.01980 traj=True energy=True det=True valid=True fixed=False PASS=True
seed10  g15_i3       F=0.00090 traj=True energy=True det=True valid=True fixed=False PASS=True
seed10  g15_i6       F=0.01328 traj=True energy=True det=True valid=True fixed=False PASS=True
seed10  g15_i9       F=0.01372 traj=True energy=True det=True valid=True fixed=False PASS=True
seed10  g15_i11      F=0.01568 traj=True energy=True det=True valid=True fixed=False PASS=True
seed10  g15_i15      F=0.01980 traj=True energy=True det=True valid=True fixed=False PASS=True
seed10  g15_i19      F=0.01308 traj=True energy=True det=True valid=True fixed=False PASS=True
seed11  g15_i0       F=0.01722 traj=True energy=True det=True valid=True fixed=False PASS=True
seed11  g15_i1       F=0.00442 traj=True energy=True det=True valid=True fixed=False PASS=True
seed11  g15_i2       F=0.01722 traj=True energy=True det=True valid=True fixed=False PASS=True
seed11  g15_i5       F=0.00792 traj=True energy=True det=True valid=True fixed=False PASS=True
seed11  g15_i8       F=0.01580 traj=True energy=True det=True valid=True fixed=False PASS=True
seed11  g15_i9       F=0.01692 traj=True energy=True det=True valid=True fixed=False PASS=True
seed11  g15_i10      F=0.01722 traj=True energy=True det=True valid=True fixed=False PASS=True
seed11  g15_i11      F=0.01834 traj=True energy=True det=True valid=True fixed=False PASS=True
seed11  g15_i12      F=0.01922 traj=True energy=True det=True valid=True fixed=False PASS=True
seed11  g15_i18      F=0.01692 traj=True energy=True det=True valid=True fixed=False PASS=True
seed12  g15_i0       F=0.02156 traj=True energy=True det=True valid=True fixed=False PASS=True
seed12  g15_i1       F=0.02156 traj=True energy=True det=True valid=True fixed=False PASS=True
seed12  g15_i2       F=0.01946 traj=True energy=True det=True valid=True fixed=False PASS=True
seed12  g15_i5       F=0.02156 traj=True energy=True det=True valid=True fixed=False PASS=True
seed12  g15_i6       F=0.01686 traj=True energy=True det=True valid=True fixed=False PASS=True
seed12  g15_i11      F=0.02156 traj=True energy=True det=True valid=True fixed=False PASS=True
seed12  g15_i17      F=0.00758 traj=True energy=True det=True valid=True fixed=False PASS=True
seed12  g15_i18      F=0.01250 traj=True energy=True det=True valid=True fixed=False PASS=True
null6000 n0           F=0.00350 traj=True energy=True det=True valid=True fixed=False PASS=True
null6000 n475         F=0.00326 traj=True energy=True det=True valid=True fixed=False PASS=True
null7000 n1           F=0.00226 traj=True energy=True det=True valid=True fixed=False PASS=True
null7000 n113         F=0.00202 traj=True energy=True det=True valid=True fixed=False PASS=True
AUDIT DONE
