candidates F>0: 267; energy scale (max anchor F_A): 5.5700199999999995
seed20  g23_i0       F=0.15994 [resume: already audited]
seed20  g23_i1       F=0.04368 traj=True energy=True det=True valid=True fixed=False PASS=True
seed20  g23_i5       F=0.12422 traj=True energy=True det=True valid=True fixed=False PASS=True
seed20  g23_i6       F=0.15972 traj=True energy=True det=True valid=True fixed=False PASS=True
seed20  g23_i7       F=0.13836 traj=True energy=True det=True valid=True fixed=False PASS=True
seed20  g23_i8       F=0.00088 traj=True energy=True det=True valid=True fixed=False PASS=True
seed20  g23_i9       F=0.02928 traj=True energy=True det=True valid=True fixed=False PASS=True
seed20  g23_i10      F=0.01184 traj=True energy=True det=True valid=True fixed=False PASS=True
seed20  g23_i11      F=0.08818 traj=True energy=True det=True valid=True fixed=False PASS=True
seed20  g23_i13      F=0.08872 traj=True energy=True det=True valid=True fixed=False PASS=True
seed20  g23_i14      F=0.15972 traj=True energy=True det=True valid=True fixed=False PASS=True
seed20  g23_i16      F=0.02890 traj=True energy=True det=True valid=True fixed=False PASS=True
seed20  g23_i17      F=0.13068 traj=True energy=True det=True valid=True fixed=False PASS=True
seed20  g23_i18      F=0.04400 traj=True energy=True det=True valid=True fixed=False PASS=True
seed20  g23_i19      F=0.15448 traj=True energy=True det=True valid=True fixed=False PASS=True
seed21  g23_i0       F=0.04044 traj=True energy=True det=True valid=True fixed=False PASS=True
seed21  g23_i2       F=0.01480 traj=True energy=True det=True valid=True fixed=False PASS=True
seed21  g23_i3       F=0.02416 traj=True energy=True det=True valid=True fixed=False PASS=True
seed21  g23_i5       F=0.02410 traj=True energy=True det=True valid=True fixed=False PASS=True
seed21  g23_i7       F=0.04044 traj=True energy=True det=True valid=True fixed=False PASS=True
seed21  g23_i9       F=0.04236 traj=True energy=True det=True valid=True fixed=False PASS=True
seed21  g23_i10      F=0.02926 traj=True energy=True det=True valid=True fixed=False PASS=True
seed21  g23_i15      F=0.04044 traj=True energy=True det=True valid=True fixed=False PASS=True
seed21  g23_i17      F=0.01624 traj=True energy=True det=True valid=True fixed=False PASS=True
seed22  g23_i0       F=0.03598 traj=True energy=True det=True valid=True fixed=False PASS=True
seed22  g23_i1       F=0.04152 traj=True energy=True det=True valid=True fixed=False PASS=True
seed22  g23_i6       F=0.00436 traj=True energy=True det=True valid=True fixed=False PASS=True
seed22  g23_i8       F=0.01580 traj=True energy=True det=True valid=True fixed=False PASS=True
seed22  g23_i9       F=0.01714 traj=True energy=True det=True valid=True fixed=False PASS=True
seed22  g23_i15      F=0.02110 traj=True energy=True det=True valid=True fixed=False PASS=True
seed22  g23_i16      F=0.01232 traj=True energy=True det=True valid=True fixed=False PASS=True
seed22  g23_i17      F=0.02134 traj=True energy=True det=True valid=True fixed=False PASS=True
null8000 n2           F=0.00778 traj=True energy=True det=True valid=True fixed=False PASS=True
null8000 n4           F=0.01030 traj=True energy=True det=True valid=True fixed=False PASS=True
null8000 n5           F=0.02156 traj=True energy=True det=True valid=True fixed=False PASS=True
null8000 n6           F=0.02414 traj=True energy=True det=True valid=True fixed=False PASS=True
null8000 n15          F=0.02156 traj=True energy=True det=True valid=True fixed=False PASS=True
null8000 n22          F=0.03364 traj=True energy=True det=True valid=True fixed=False PASS=True
null8000 n23          F=0.01062 traj=True energy=True det=True valid=True fixed=False PASS=True
null8000 n24          F=0.03364 traj=True energy=True det=True valid=True fixed=False PASS=True
null8000 n25          F=0.02156 traj=True energy=True det=True valid=True fixed=False PASS=True
null8000 n26          F=0.03364 traj=True energy=True det=True valid=True fixed=False PASS=True
null8000 n27          F=0.00830 traj=True energy=True det=True valid=True fixed=False PASS=True
null8000 n29          F=0.02156 traj=True energy=True det=True valid=True fixed=False PASS=True
null8000 n30          F=0.02974 traj=True energy=True det=True valid=True fixed=False PASS=True
null8000 n31          F=0.02166 traj=True energy=True det=True valid=True fixed=False PASS=True
null8000 n34          F=0.02292 traj=True energy=True det=True valid=True fixed=False PASS=True
null8000 n36          F=0.01490 traj=True energy=True det=True valid=True fixed=False PASS=True
null8000 n37          F=0.01150 traj=True energy=True det=True valid=True fixed=False PASS=True
null8000 n40          F=0.02934 traj=True energy=True det=True valid=True fixed=False PASS=True
null8000 n41          F=0.01226 traj=True energy=True det=True valid=True fixed=False PASS=True
null8000 n45          F=0.02156 traj=True energy=True det=True valid=True fixed=False PASS=True
null8000 n46          F=0.00246 traj=True energy=True det=True valid=True fixed=False PASS=True
null8000 n49          F=0.02156 traj=True energy=True det=True valid=True fixed=False PASS=True
null8000 n51          F=0.02156 traj=True energy=True det=True valid=True fixed=False PASS=True
null8000 n52          F=0.01628 traj=True energy=True det=True valid=True fixed=False PASS=True
null8000 n53          F=0.01226 traj=True energy=True det=True valid=True fixed=False PASS=True
null8000 n54          F=0.02358 traj=True energy=True det=True valid=True fixed=False PASS=True
null8000 n55          F=0.02156 traj=True energy=True det=True valid=True fixed=False PASS=True
null8000 n56          F=0.02196 traj=True energy=True det=True valid=True fixed=False PASS=True
null8000 n58          F=0.03106 traj=True energy=True det=True valid=True fixed=False PASS=True
null8000 n60          F=0.03364 traj=True energy=True det=True valid=True fixed=False PASS=True
null8000 n64          F=0.03364 traj=True energy=True det=True valid=True fixed=False PASS=True
null8000 n65          F=0.02156 traj=True energy=True det=True valid=True fixed=False PASS=True
null8000 n71          F=0.01734 traj=True energy=True det=True valid=True fixed=False PASS=True
null8000 n72          F=0.00588 traj=True energy=True det=True valid=True fixed=False PASS=True
null8000 n74          F=0.03036 traj=True energy=True det=True valid=True fixed=False PASS=True
null8000 n75          F=0.01916 traj=True energy=True det=True valid=True fixed=False PASS=True
null8000 n77          F=0.00446 traj=True energy=True det=True valid=True fixed=False PASS=True
null8000 n80          F=0.03364 traj=True energy=True det=True valid=True fixed=False PASS=True
null8000 n81          F=0.02374 traj=True energy=True det=True valid=True fixed=False PASS=True
null8000 n82          F=0.01482 traj=True energy=True det=True valid=True fixed=False PASS=True
null8000 n83          F=0.00410 traj=True energy=True det=True valid=True fixed=False PASS=True
null8000 n86          F=0.03442 traj=True energy=True det=True valid=True fixed=False PASS=True
null8000 n88          F=0.03368 traj=True energy=True det=True valid=True fixed=False PASS=True
null8000 n89          F=0.02156 traj=True energy=True det=True valid=True fixed=False PASS=True
null8000 n94          F=0.01180 traj=True energy=True det=True valid=True fixed=False PASS=True
null8000 n96          F=0.03060 traj=True energy=True det=True valid=True fixed=False PASS=True
null8000 n97          F=0.01058 traj=True energy=True det=True valid=True fixed=False PASS=True
null8000 n100         F=0.01090 traj=True energy=True det=True valid=True fixed=False PASS=True
null8000 n103         F=0.02156 traj=True energy=True det=True valid=True fixed=False PASS=True
null8000 n104         F=0.02398 traj=True energy=True det=True valid=True fixed=False PASS=True
null8000 n107         F=0.02156 traj=True energy=True det=True valid=True fixed=False PASS=True
null8000 n108         F=0.03364 traj=True energy=True det=True valid=True fixed=False PASS=True
null8000 n109         F=0.02026 traj=True energy=True det=True valid=True fixed=False PASS=True
null8000 n111         F=0.02156 traj=True energy=True det=True valid=True fixed=False PASS=True
null8000 n114         F=0.03364 traj=True energy=True det=True valid=True fixed=False PASS=True
null8000 n115         F=0.02156 traj=True energy=True det=True valid=True fixed=False PASS=True
null8000 n120         F=0.03364 traj=True energy=True det=True valid=True fixed=False PASS=True
null8000 n122         F=0.01494 traj=True energy=True det=True valid=True fixed=False PASS=True
null8000 n124         F=0.03364 traj=True energy=True det=True valid=True fixed=False PASS=True
null8000 n125         F=0.01594 traj=True energy=True det=True valid=True fixed=False PASS=True
null8000 n126         F=0.02226 traj=True energy=True det=True valid=True fixed=False PASS=True
null8000 n127         F=0.00956 traj=True energy=True det=True valid=True fixed=False PASS=True
null8000 n131         F=0.02156 traj=True energy=True det=True valid=True fixed=False PASS=True
null8000 n133         F=0.02156 traj=True energy=True det=True valid=True fixed=False PASS=True
null8000 n134         F=0.03364 traj=True energy=True det=True valid=True fixed=False PASS=True
null8000 n135         F=0.02142 traj=True energy=True det=True valid=True fixed=False PASS=True
null8000 n136         F=0.03364 traj=True energy=True det=True valid=True fixed=False PASS=True
null8000 n138         F=0.00760 traj=True energy=True det=True valid=True fixed=False PASS=True
null8000 n140         F=0.03364 traj=True energy=True det=True valid=True fixed=False PASS=True
null8000 n142         F=0.01082 traj=True energy=True det=True valid=True fixed=False PASS=True
null8000 n145         F=0.02156 traj=True energy=True det=True valid=True fixed=False PASS=True
null8000 n146         F=0.00828 traj=True energy=True det=True valid=True fixed=False PASS=True
null8000 n150         F=0.01376 traj=True energy=True det=True valid=True fixed=False PASS=True
null8000 n154         F=0.01346 traj=True energy=True det=True valid=True fixed=False PASS=True
null8000 n156         F=0.03364 traj=True energy=True det=True valid=True fixed=False PASS=True
null8000 n157         F=0.00550 traj=True energy=True det=True valid=True fixed=False PASS=True
null8000 n158         F=0.01776 traj=True energy=True det=True valid=True fixed=False PASS=True
null8000 n159         F=0.01898 traj=True energy=True det=True valid=True fixed=False PASS=True
null8000 n160         F=0.00154 traj=True energy=True det=True valid=True fixed=False PASS=True
null8000 n161         F=0.01110 traj=True energy=True det=True valid=True fixed=False PASS=True
null8000 n162         F=0.03364 traj=True energy=True det=True valid=True fixed=False PASS=True
null8000 n163         F=0.02224 traj=True energy=True det=True valid=True fixed=False PASS=True
null8000 n164         F=0.02814 traj=True energy=True det=True valid=True fixed=False PASS=True
null8000 n166         F=0.03364 traj=True energy=True det=True valid=True fixed=False PASS=True
null8000 n168         F=0.01328 traj=True energy=True det=True valid=True fixed=False PASS=True
null8000 n172         F=0.03364 traj=True energy=True det=True valid=True fixed=False PASS=True
null8000 n175         F=0.02154 traj=True energy=True det=True valid=True fixed=False PASS=True
null8000 n176         F=0.01336 traj=True energy=True det=True valid=True fixed=False PASS=True
null8000 n177         F=0.00866 traj=True energy=True det=True valid=True fixed=False PASS=True
null8000 n182         F=0.03364 traj=True energy=True det=True valid=True fixed=False PASS=True
null8000 n184         F=0.03364 traj=True energy=True det=True valid=True fixed=False PASS=True
null8000 n186         F=0.01590 traj=True energy=True det=True valid=True fixed=False PASS=True
null8000 n190         F=0.03364 traj=True energy=True det=True valid=True fixed=False PASS=True
null8000 n192         F=0.03364 traj=True energy=True det=True valid=True fixed=False PASS=True
null8000 n193         F=0.02156 traj=True energy=True det=True valid=True fixed=False PASS=True
null8000 n195         F=0.02156 traj=True energy=True det=True valid=True fixed=False PASS=True
null8000 n196         F=0.00394 traj=True energy=True det=True valid=True fixed=False PASS=True
null8000 n198         F=0.03364 traj=True energy=True det=True valid=True fixed=False PASS=True
null8000 n199         F=0.02156 traj=True energy=True det=True valid=True fixed=False PASS=True
null8000 n200         F=0.02386 traj=True energy=True det=True valid=True fixed=False PASS=True
null8000 n201         F=0.02244 traj=True energy=True det=True valid=True fixed=False PASS=True
null8000 n203         F=0.01986 traj=True energy=True det=True valid=True fixed=False PASS=True
null8000 n204         F=0.03364 traj=True energy=True det=True valid=True fixed=False PASS=True
null8000 n205         F=0.02156 traj=True energy=True det=True valid=True fixed=False PASS=True
null8000 n206         F=0.03364 traj=True energy=True det=True valid=True fixed=False PASS=True
null8000 n209         F=0.00970 traj=True energy=True det=True valid=True fixed=False PASS=True
null8000 n210         F=0.02396 traj=True energy=True det=True valid=True fixed=False PASS=True
null8000 n212         F=0.03364 traj=True energy=True det=True valid=True fixed=False PASS=True
null8000 n213         F=0.00252 traj=True energy=True det=True valid=True fixed=False PASS=True
null8000 n214         F=0.03364 traj=True energy=True det=True valid=True fixed=False PASS=True
null8000 n216         F=0.03382 traj=True energy=True det=True valid=True fixed=False PASS=True
null8000 n218         F=0.03364 traj=True energy=True det=True valid=True fixed=False PASS=True
null8000 n220         F=0.03402 traj=True energy=True det=True valid=True fixed=False PASS=True
null8000 n222         F=0.03364 traj=True energy=True det=True valid=True fixed=False PASS=True
null8000 n223         F=0.02156 traj=True energy=True det=True valid=True fixed=False PASS=True
null8000 n224         F=0.02810 traj=True energy=True det=True valid=True fixed=False PASS=True
null8000 n225         F=0.02156 traj=True energy=True det=True valid=True fixed=False PASS=True
null8000 n227         F=0.00802 traj=True energy=True det=True valid=True fixed=False PASS=True
null8000 n229         F=0.02156 traj=True energy=True det=True valid=True fixed=False PASS=True
null8000 n230         F=0.03364 traj=True energy=True det=True valid=True fixed=False PASS=True
null8000 n231         F=0.02118 traj=True energy=True det=True valid=True fixed=False PASS=True
null8000 n234         F=0.02158 traj=True energy=True det=True valid=True fixed=False PASS=True
null8000 n235         F=0.02156 traj=True energy=True det=True valid=True fixed=False PASS=True
null8000 n237         F=0.01660 traj=True energy=True det=True valid=True fixed=False PASS=True
null8000 n239         F=0.02156 traj=True energy=True det=True valid=True fixed=False PASS=True
null8000 n242         F=0.03364 traj=True energy=True det=True valid=True fixed=False PASS=True
null8000 n244         F=0.03364 traj=True energy=True det=True valid=True fixed=False PASS=True
null8000 n245         F=0.02156 traj=True energy=True det=True valid=True fixed=False PASS=True
null8000 n248         F=0.03364 traj=True energy=True det=True valid=True fixed=False PASS=True
null8000 n251         F=0.02014 traj=True energy=True det=True valid=True fixed=False PASS=True
null8000 n252         F=0.03364 traj=True energy=True det=True valid=True fixed=False PASS=True
null8000 n256         F=0.01008 traj=True energy=True det=True valid=True fixed=False PASS=True
null8000 n257         F=0.01288 traj=True energy=True det=True valid=True fixed=False PASS=True
null8000 n258         F=0.02826 traj=True energy=True det=True valid=True fixed=False PASS=True
null8000 n263         F=0.01070 traj=True energy=True det=True valid=True fixed=False PASS=True
null8000 n264         F=0.03364 traj=True energy=True det=True valid=True fixed=False PASS=True
null8000 n269         F=0.00614 traj=True energy=True det=True valid=True fixed=False PASS=True
null8000 n272         F=0.00420 traj=True energy=True det=True valid=True fixed=False PASS=True
null8000 n276         F=0.03364 traj=True energy=True det=True valid=True fixed=False PASS=True
null8000 n277         F=0.01284 traj=True energy=True det=True valid=True fixed=False PASS=True
null8000 n278         F=0.01290 traj=True energy=True det=True valid=True fixed=False PASS=True
null8000 n280         F=0.03364 traj=True energy=True det=True valid=True fixed=False PASS=True
null8000 n285         F=0.02156 traj=True energy=True det=True valid=True fixed=False PASS=True
null8000 n288         F=0.03394 traj=True energy=True det=True valid=True fixed=False PASS=True
null8000 n291         F=0.02156 traj=True energy=True det=True valid=True fixed=False PASS=True
null8000 n292         F=0.03364 traj=True energy=True det=True valid=True fixed=False PASS=True
null8000 n293         F=0.02156 traj=True energy=True det=True valid=True fixed=False PASS=True
null8000 n296         F=0.03364 traj=True energy=True det=True valid=True fixed=False PASS=True
null8000 n298         F=0.02638 traj=True energy=True det=True valid=True fixed=False PASS=True
null8000 n300         F=0.03364 traj=True energy=True det=True valid=True fixed=False PASS=True
null8000 n302         F=0.02572 traj=True energy=True det=True valid=True fixed=False PASS=True
null8000 n304         F=0.00282 traj=True energy=True det=True valid=True fixed=False PASS=True
null8000 n308         F=0.03364 traj=True energy=True det=True valid=True fixed=False PASS=True
null8000 n309         F=0.02156 traj=True energy=True det=True valid=True fixed=False PASS=True
null8000 n310         F=0.03364 traj=True energy=True det=True valid=True fixed=False PASS=True
null8000 n311         F=0.00748 traj=True energy=True det=True valid=True fixed=False PASS=True
null8000 n315         F=0.01960 traj=True energy=True det=True valid=True fixed=False PASS=True
null8000 n319         F=0.02156 traj=True energy=True det=True valid=True fixed=False PASS=True
null8000 n320         F=0.01028 traj=True energy=True det=True valid=True fixed=False PASS=True
null8000 n324         F=0.01578 traj=True energy=True det=True valid=True fixed=False PASS=True
null8000 n325         F=0.00190 traj=True energy=True det=True valid=True fixed=False PASS=True
null8000 n326         F=0.03364 traj=True energy=True det=True valid=True fixed=False PASS=True
null8000 n327         F=0.02156 traj=True energy=True det=True valid=True fixed=False PASS=True
null8000 n328         F=0.02026 traj=True energy=True det=True valid=True fixed=False PASS=True
null8000 n330         F=0.03060 traj=True energy=True det=True valid=True fixed=False PASS=True
null8000 n337         F=0.01826 traj=True energy=True det=True valid=True fixed=False PASS=True
null8000 n338         F=0.01390 traj=True energy=True det=True valid=True fixed=False PASS=True
null8000 n340         F=0.01440 traj=True energy=True det=True valid=True fixed=False PASS=True
null8000 n343         F=0.01378 traj=True energy=True det=True valid=True fixed=False PASS=True
null8000 n347         F=0.02156 traj=True energy=True det=True valid=True fixed=False PASS=True
null8000 n349         F=0.00940 traj=True energy=True det=True valid=True fixed=False PASS=True
null8000 n352         F=0.02832 traj=True energy=True det=True valid=True fixed=False PASS=True
null8000 n353         F=0.01956 traj=True energy=True det=True valid=True fixed=False PASS=True
null8000 n355         F=0.01928 traj=True energy=True det=True valid=True fixed=False PASS=True
null8000 n360         F=0.00790 traj=True energy=True det=True valid=True fixed=False PASS=True
null8000 n361         F=0.01098 traj=True energy=True det=True valid=True fixed=False PASS=True
null8000 n362         F=0.03364 traj=True energy=True det=True valid=True fixed=False PASS=True
null8000 n363         F=0.02156 traj=True energy=True det=True valid=True fixed=False PASS=True
null8000 n364         F=0.02176 traj=True energy=True det=True valid=True fixed=False PASS=True
null8000 n368         F=0.02106 traj=True energy=True det=True valid=True fixed=False PASS=True
null8000 n369         F=0.01892 traj=True energy=True det=True valid=True fixed=False PASS=True
null8000 n372         F=0.00746 traj=True energy=True det=True valid=True fixed=False PASS=True
null8000 n373         F=0.02156 traj=True energy=True det=True valid=True fixed=False PASS=True
null8000 n375         F=0.00794 traj=True energy=True det=True valid=True fixed=False PASS=True
null8000 n377         F=0.00182 traj=True energy=True det=True valid=True fixed=False PASS=True
null8000 n380         F=0.03364 traj=True energy=True det=True valid=True fixed=False PASS=True
null8000 n383         F=0.02156 traj=True energy=True det=True valid=True fixed=False PASS=True
null8000 n389         F=0.02156 traj=True energy=True det=True valid=True fixed=False PASS=True
null8000 n390         F=0.01668 traj=True energy=True det=True valid=True fixed=False PASS=True
null8000 n391         F=0.00640 traj=True energy=True det=True valid=True fixed=False PASS=True
null8000 n393         F=0.01382 traj=True energy=True det=True valid=True fixed=False PASS=True
null8000 n394         F=0.03364 traj=True energy=True det=True valid=True fixed=False PASS=True
null8000 n395         F=0.01234 traj=True energy=True det=True valid=True fixed=False PASS=True
null8000 n400         F=0.01536 traj=True energy=True det=True valid=True fixed=False PASS=True
null8000 n402         F=0.03160 traj=True energy=True det=True valid=True fixed=False PASS=True
null8000 n404         F=0.03364 traj=True energy=True det=True valid=True fixed=False PASS=True
null8000 n406         F=0.02312 traj=True energy=True det=True valid=True fixed=False PASS=True
null8000 n408         F=0.03364 traj=True energy=True det=True valid=True fixed=False PASS=True
null8000 n409         F=0.02186 traj=True energy=True det=True valid=True fixed=False PASS=True
null8000 n410         F=0.02692 traj=True energy=True det=True valid=True fixed=False PASS=True
null8000 n412         F=0.03368 traj=True energy=True det=True valid=True fixed=False PASS=True
null8000 n413         F=0.00510 traj=True energy=True det=True valid=True fixed=False PASS=True
null8000 n414         F=0.00476 traj=True energy=True det=True valid=True fixed=False PASS=True
null8000 n417         F=0.00732 traj=True energy=True det=True valid=True fixed=False PASS=True
null8000 n420         F=0.03450 traj=True energy=True det=True valid=True fixed=False PASS=True
null8000 n423         F=0.02156 traj=True energy=True det=True valid=True fixed=False PASS=True
null8000 n424         F=0.03138 traj=True energy=True det=True valid=True fixed=False PASS=True
null8000 n426         F=0.03364 traj=True energy=True det=True valid=True fixed=False PASS=True
null8000 n429         F=0.01444 traj=True energy=True det=True valid=True fixed=False PASS=True
null8000 n431         F=0.02156 traj=True energy=True det=True valid=True fixed=False PASS=True
null8000 n433         F=0.02156 traj=True energy=True det=True valid=True fixed=False PASS=True
null8000 n434         F=0.03364 traj=True energy=True det=True valid=True fixed=False PASS=True
null8000 n437         F=0.00954 traj=True energy=True det=True valid=True fixed=False PASS=True
null8000 n438         F=0.01498 traj=True energy=True det=True valid=True fixed=False PASS=True
null8000 n439         F=0.01662 traj=True energy=True det=True valid=True fixed=False PASS=True
null8000 n442         F=0.01084 traj=True energy=True det=True valid=True fixed=False PASS=True
null8000 n443         F=0.02156 traj=True energy=True det=True valid=True fixed=False PASS=True
null8000 n445         F=0.02156 traj=True energy=True det=True valid=True fixed=False PASS=True
null8000 n447         F=0.01286 traj=True energy=True det=True valid=True fixed=False PASS=True
null8000 n454         F=0.01504 traj=True energy=True det=True valid=True fixed=False PASS=True
null8000 n455         F=0.00026 traj=True energy=True det=True valid=True fixed=False PASS=True
null8000 n459         F=0.01534 traj=True energy=True det=True valid=True fixed=False PASS=True
null8000 n460         F=0.02564 traj=True energy=True det=True valid=True fixed=False PASS=True
null8000 n461         F=0.02156 traj=True energy=True det=True valid=True fixed=False PASS=True
null8000 n462         F=0.01180 traj=True energy=True det=True valid=True fixed=False PASS=True
null8000 n465         F=0.00896 traj=True energy=True det=True valid=True fixed=False PASS=True
null8000 n466         F=0.03326 traj=True energy=True det=True valid=True fixed=False PASS=True
null8000 n468         F=0.03364 traj=True energy=True det=True valid=True fixed=False PASS=True
null8000 n471         F=0.00956 traj=True energy=True det=True valid=True fixed=False PASS=True
null8000 n472         F=0.00768 traj=True energy=True det=True valid=True fixed=False PASS=True
null8000 n473         F=0.02156 traj=True energy=True det=True valid=True fixed=False PASS=True
null8000 n474         F=0.03364 traj=True energy=True det=True valid=True fixed=False PASS=True
null8000 n476         F=0.01110 traj=True energy=True det=True valid=True fixed=False PASS=True
null8000 n477         F=0.02156 traj=True energy=True det=True valid=True fixed=False PASS=True
null8000 n478         F=0.01032 traj=True energy=True det=True valid=True fixed=False PASS=True
AUDIT DONE
