corpus size 4 (4 published anchors alone, amendment-07)
seed20    g23_i0    |G|=229 min_d=0.7039 nearest=Example_3 novel=True
seed20    g23_i1    |G|=230 min_d=0.7024 nearest=Example_3 novel=True
seed20    g23_i5    |G|=230 min_d=0.7043 nearest=Example_3 novel=True
seed20    g23_i6    |G|=229 min_d=0.7039 nearest=Example_3 novel=True
seed20    g23_i7    |G|=230 min_d=0.7043 nearest=Example_3 novel=True
seed20    g23_i8    |G|=232 min_d=0.7033 nearest=Example_3 novel=True
seed20    g23_i9    |G|=230 min_d=0.7024 nearest=Example_3 novel=True
seed20    g23_i10   |G|=227 min_d=0.7068 nearest=Example_3 novel=True
seed20    g23_i11   |G|=229 min_d=0.7039 nearest=Example_3 novel=True
seed20    g23_i13   |G|=228 min_d=0.7054 nearest=Example_3 novel=True
seed20    g23_i14   |G|=229 min_d=0.7039 nearest=Example_3 novel=True
seed20    g23_i16   |G|=229 min_d=0.7039 nearest=Example_3 novel=True
seed20    g23_i17   |G|=229 min_d=0.7039 nearest=Example_3 novel=True
seed20    g23_i18   |G|=231 min_d=0.7009 nearest=Example_3 novel=True
seed20    g23_i19   |G|=229 min_d=0.7039 nearest=Example_3 novel=True
seed21    g23_i0    |G|=227 min_d=0.7068 nearest=Example_3 novel=True
seed21    g23_i2    |G|=229 min_d=0.7058 nearest=Example_3 novel=True
seed21    g23_i3    |G|=230 min_d=0.7024 nearest=Example_3 novel=True
seed21    g23_i5    |G|=232 min_d=0.6994 nearest=Example_3 novel=True
seed21    g23_i7    |G|=227 min_d=0.7068 nearest=Example_3 novel=True
seed21    g23_i9    |G|=228 min_d=0.7054 nearest=Example_3 novel=True
seed21    g23_i10   |G|=228 min_d=0.7054 nearest=Example_3 novel=True
seed21    g23_i15   |G|=227 min_d=0.7068 nearest=Example_3 novel=True
seed21    g23_i17   |G|=227 min_d=0.7068 nearest=Example_3 novel=True
seed22    g23_i0    |G|=227 min_d=0.7068 nearest=Example_3 novel=True
seed22    g23_i1    |G|=226 min_d=0.7083 nearest=Example_3 novel=True
seed22    g23_i6    |G|=228 min_d=0.7054 nearest=Example_3 novel=True
seed22    g23_i8    |G|=227 min_d=0.7068 nearest=Example_3 novel=True
seed22    g23_i9    |G|=227 min_d=0.7068 nearest=Example_3 novel=True
seed22    g23_i15   |G|=227 min_d=0.6972 nearest=Example_3 novel=True
seed22    g23_i16   |G|=227 min_d=0.7068 nearest=Example_3 novel=True
seed22    g23_i17   |G|=230 min_d=0.7081 nearest=Example_3 novel=True
null8000  n2        |G|=227 min_d=0.7068 nearest=Example_3 novel=True
null8000  n4        |G|=228 min_d=0.7073 nearest=Example_3 novel=True
null8000  n5        |G|=226 min_d=0.7006 nearest=Example_3 novel=True
null8000  n6        |G|=227 min_d=0.7068 nearest=Example_3 novel=True
null8000  n15       |G|=226 min_d=0.7006 nearest=Example_3 novel=True
null8000  n22       |G|=227 min_d=0.7068 nearest=Example_3 novel=True
null8000  n23       |G|=226 min_d=0.7006 nearest=Example_3 novel=True
null8000  n24       |G|=227 min_d=0.7068 nearest=Example_3 novel=True
null8000  n25       |G|=226 min_d=0.7006 nearest=Example_3 novel=True
null8000  n26       |G|=227 min_d=0.7068 nearest=Example_3 novel=True
null8000  n27       |G|=227 min_d=0.6991 nearest=Example_3 novel=True
null8000  n29       |G|=226 min_d=0.7006 nearest=Example_3 novel=True
null8000  n30       |G|=227 min_d=0.7068 nearest=Example_3 novel=True
null8000  n31       |G|=226 min_d=0.7006 nearest=Example_3 novel=True
null8000  n34       |G|=227 min_d=0.7068 nearest=Example_3 novel=True
null8000  n36       |G|=227 min_d=0.7068 nearest=Example_3 novel=True
null8000  n37       |G|=227 min_d=0.6991 nearest=Example_3 novel=True
null8000  n40       |G|=226 min_d=0.7064 nearest=Example_3 novel=True
null8000  n41       |G|=226 min_d=0.7006 nearest=Example_3 novel=True
null8000  n45       |G|=226 min_d=0.7006 nearest=Example_3 novel=True
null8000  n46       |G|=227 min_d=0.7068 nearest=Example_3 novel=True
null8000  n49       |G|=226 min_d=0.7006 nearest=Example_3 novel=True
null8000  n51       |G|=226 min_d=0.7006 nearest=Example_3 novel=True
null8000  n52       |G|=226 min_d=0.7083 nearest=Example_3 novel=True
null8000  n53       |G|=226 min_d=0.7025 nearest=Example_3 novel=True
null8000  n54       |G|=226 min_d=0.7064 nearest=Example_3 novel=True
null8000  n55       |G|=226 min_d=0.7006 nearest=Example_3 novel=True
null8000  n56       |G|=227 min_d=0.7068 nearest=Example_3 novel=True
null8000  n58       |G|=227 min_d=0.7068 nearest=Example_3 novel=True
null8000  n60       |G|=227 min_d=0.7068 nearest=Example_3 novel=True
null8000  n64       |G|=227 min_d=0.7068 nearest=Example_3 novel=True
null8000  n65       |G|=226 min_d=0.7006 nearest=Example_3 novel=True
null8000  n71       |G|=225 min_d=0.7021 nearest=Example_3 novel=True
null8000  n72       |G|=228 min_d=0.7054 nearest=Example_3 novel=True
null8000  n74       |G|=227 min_d=0.7068 nearest=Example_3 novel=True
null8000  n75       |G|=227 min_d=0.6991 nearest=Example_3 novel=True
null8000  n77       |G|=226 min_d=0.7006 nearest=Example_3 novel=True
null8000  n80       |G|=227 min_d=0.7068 nearest=Example_3 novel=True
null8000  n81       |G|=226 min_d=0.7006 nearest=Example_3 novel=True
null8000  n82       |G|=226 min_d=0.7064 nearest=Example_3 novel=True
null8000  n83       |G|=227 min_d=0.6991 nearest=Example_3 novel=True
null8000  n86       |G|=227 min_d=0.7068 nearest=Example_3 novel=True
null8000  n88       |G|=228 min_d=0.7054 nearest=Example_3 novel=True
null8000  n89       |G|=226 min_d=0.7006 nearest=Example_3 novel=True
null8000  n94       |G|=227 min_d=0.7068 nearest=Example_3 novel=True
null8000  n96       |G|=227 min_d=0.7068 nearest=Example_3 novel=True
null8000  n97       |G|=226 min_d=0.7006 nearest=Example_3 novel=True
null8000  n100      |G|=228 min_d=0.7073 nearest=Example_3 novel=True
null8000  n103      |G|=226 min_d=0.7006 nearest=Example_3 novel=True
null8000  n104      |G|=228 min_d=0.7054 nearest=Example_3 novel=True
null8000  n107      |G|=226 min_d=0.7006 nearest=Example_3 novel=True
null8000  n108      |G|=227 min_d=0.7068 nearest=Example_3 novel=True
null8000  n109      |G|=226 min_d=0.7006 nearest=Example_3 novel=True
null8000  n111      |G|=226 min_d=0.7006 nearest=Example_3 novel=True
null8000  n114      |G|=227 min_d=0.7068 nearest=Example_3 novel=True
null8000  n115      |G|=226 min_d=0.7006 nearest=Example_3 novel=True
null8000  n120      |G|=227 min_d=0.7068 nearest=Example_3 novel=True
null8000  n122      |G|=227 min_d=0.7068 nearest=Example_3 novel=True
null8000  n124      |G|=227 min_d=0.7068 nearest=Example_3 novel=True
null8000  n125      |G|=227 min_d=0.6991 nearest=Example_3 novel=True
null8000  n126      |G|=227 min_d=0.7068 nearest=Example_3 novel=True
null8000  n127      |G|=227 min_d=0.6991 nearest=Example_3 novel=True
null8000  n131      |G|=226 min_d=0.7006 nearest=Example_3 novel=True
null8000  n133      |G|=226 min_d=0.7006 nearest=Example_3 novel=True
null8000  n134      |G|=227 min_d=0.7068 nearest=Example_3 novel=True
null8000  n135      |G|=226 min_d=0.7006 nearest=Example_3 novel=True
null8000  n136      |G|=227 min_d=0.7068 nearest=Example_3 novel=True
null8000  n138      |G|=227 min_d=0.7068 nearest=Example_3 novel=True
null8000  n140      |G|=227 min_d=0.7068 nearest=Example_3 novel=True
null8000  n142      |G|=228 min_d=0.7054 nearest=Example_3 novel=True
null8000  n145      |G|=226 min_d=0.7006 nearest=Example_3 novel=True
null8000  n146      |G|=227 min_d=0.7068 nearest=Example_3 novel=True
null8000  n150      |G|=229 min_d=0.7058 nearest=Example_3 novel=True
null8000  n154      |G|=227 min_d=0.7068 nearest=Example_3 novel=True
null8000  n156      |G|=227 min_d=0.7068 nearest=Example_3 novel=True
null8000  n157      |G|=225 min_d=0.7021 nearest=Example_3 novel=True
null8000  n158      |G|=228 min_d=0.7054 nearest=Example_3 novel=True
null8000  n159      |G|=227 min_d=0.6991 nearest=Example_3 novel=True
null8000  n160      |G|=227 min_d=0.7068 nearest=Example_3 novel=True
null8000  n161      |G|=227 min_d=0.6991 nearest=Example_3 novel=True
null8000  n162      |G|=227 min_d=0.7068 nearest=Example_3 novel=True
null8000  n163      |G|=226 min_d=0.7006 nearest=Example_3 novel=True
null8000  n164      |G|=227 min_d=0.7068 nearest=Example_3 novel=True
null8000  n166      |G|=227 min_d=0.7068 nearest=Example_3 novel=True
null8000  n168      |G|=227 min_d=0.7068 nearest=Example_3 novel=True
null8000  n172      |G|=227 min_d=0.7068 nearest=Example_3 novel=True
null8000  n175      |G|=226 min_d=0.7006 nearest=Example_3 novel=True
null8000  n176      |G|=228 min_d=0.7054 nearest=Example_3 novel=True
null8000  n177      |G|=226 min_d=0.7006 nearest=Example_3 novel=True
null8000  n182      |G|=227 min_d=0.7068 nearest=Example_3 novel=True
null8000  n184      |G|=227 min_d=0.7068 nearest=Example_3 novel=True
null8000  n186      |G|=227 min_d=0.7068 nearest=Example_3 novel=True
null8000  n190      |G|=227 min_d=0.7068 nearest=Example_3 novel=True
null8000  n192      |G|=227 min_d=0.7068 nearest=Example_3 novel=True
null8000  n193      |G|=226 min_d=0.7006 nearest=Example_3 novel=True
null8000  n195      |G|=226 min_d=0.7006 nearest=Example_3 novel=True
null8000  n196      |G|=227 min_d=0.7068 nearest=Example_3 novel=True
null8000  n198      |G|=227 min_d=0.7068 nearest=Example_3 novel=True
null8000  n199      |G|=226 min_d=0.7006 nearest=Example_3 novel=True
null8000  n200      |G|=227 min_d=0.7068 nearest=Example_3 novel=True
null8000  n201      |G|=226 min_d=0.7006 nearest=Example_3 novel=True
null8000  n203      |G|=227 min_d=0.7010 nearest=Example_3 novel=True
null8000  n204      |G|=227 min_d=0.7068 nearest=Example_3 novel=True
null8000  n205      |G|=226 min_d=0.7006 nearest=Example_3 novel=True
null8000  n206      |G|=227 min_d=0.7068 nearest=Example_3 novel=True
null8000  n209      |G|=227 min_d=0.6991 nearest=Example_3 novel=True
null8000  n210      |G|=229 min_d=0.7058 nearest=Example_3 novel=True
null8000  n212      |G|=227 min_d=0.7068 nearest=Example_3 novel=True
null8000  n213      |G|=226 min_d=0.7006 nearest=Example_3 novel=True
null8000  n214      |G|=227 min_d=0.7068 nearest=Example_3 novel=True
null8000  n216      |G|=227 min_d=0.7068 nearest=Example_3 novel=True
null8000  n218      |G|=227 min_d=0.7068 nearest=Example_3 novel=True
null8000  n220      |G|=228 min_d=0.7054 nearest=Example_3 novel=True
null8000  n222      |G|=227 min_d=0.7068 nearest=Example_3 novel=True
null8000  n223      |G|=226 min_d=0.7006 nearest=Example_3 novel=True
null8000  n224      |G|=227 min_d=0.7068 nearest=Example_3 novel=True
null8000  n225      |G|=226 min_d=0.7006 nearest=Example_3 novel=True
null8000  n227      |G|=226 min_d=0.7006 nearest=Example_3 novel=True
null8000  n229      |G|=226 min_d=0.7006 nearest=Example_3 novel=True
null8000  n230      |G|=227 min_d=0.7068 nearest=Example_3 novel=True
null8000  n231      |G|=226 min_d=0.7006 nearest=Example_3 novel=True
null8000  n234      |G|=228 min_d=0.7054 nearest=Example_3 novel=True
null8000  n235      |G|=226 min_d=0.7006 nearest=Example_3 novel=True
null8000  n237      |G|=227 min_d=0.6991 nearest=Example_3 novel=True
null8000  n239      |G|=226 min_d=0.7006 nearest=Example_3 novel=True
null8000  n242      |G|=227 min_d=0.7068 nearest=Example_3 novel=True
null8000  n244      |G|=227 min_d=0.7068 nearest=Example_3 novel=True
null8000  n245      |G|=226 min_d=0.7006 nearest=Example_3 novel=True
null8000  n248      |G|=227 min_d=0.7068 nearest=Example_3 novel=True
null8000  n251      |G|=226 min_d=0.7006 nearest=Example_3 novel=True
null8000  n252      |G|=227 min_d=0.7068 nearest=Example_3 novel=True
null8000  n256      |G|=227 min_d=0.7068 nearest=Example_3 novel=True
null8000  n257      |G|=228 min_d=0.6996 nearest=Example_3 novel=True
null8000  n258      |G|=228 min_d=0.7073 nearest=Example_3 novel=True
null8000  n263      |G|=226 min_d=0.7006 nearest=Example_3 novel=True
null8000  n264      |G|=227 min_d=0.7068 nearest=Example_3 novel=True
null8000  n269      |G|=227 min_d=0.7010 nearest=Example_3 novel=True
null8000  n272      |G|=228 min_d=0.7054 nearest=Example_3 novel=True
null8000  n276      |G|=227 min_d=0.7068 nearest=Example_3 novel=True
null8000  n277      |G|=226 min_d=0.7006 nearest=Example_3 novel=True
null8000  n278      |G|=228 min_d=0.7054 nearest=Example_3 novel=True
null8000  n280      |G|=227 min_d=0.7068 nearest=Example_3 novel=True
null8000  n285      |G|=226 min_d=0.7006 nearest=Example_3 novel=True
null8000  n288      |G|=227 min_d=0.7068 nearest=Example_3 novel=True
null8000  n291      |G|=226 min_d=0.7006 nearest=Example_3 novel=True
null8000  n292      |G|=227 min_d=0.7068 nearest=Example_3 novel=True
null8000  n293      |G|=226 min_d=0.7006 nearest=Example_3 novel=True
null8000  n296      |G|=227 min_d=0.7068 nearest=Example_3 novel=True
null8000  n298      |G|=227 min_d=0.7068 nearest=Example_3 novel=True
null8000  n300      |G|=227 min_d=0.7068 nearest=Example_3 novel=True
null8000  n302      |G|=230 min_d=0.7024 nearest=Example_3 novel=True
null8000  n304      |G|=228 min_d=0.7054 nearest=Example_3 novel=True
null8000  n308      |G|=227 min_d=0.7068 nearest=Example_3 novel=True
null8000  n309      |G|=226 min_d=0.7006 nearest=Example_3 novel=True
null8000  n310      |G|=227 min_d=0.7068 nearest=Example_3 novel=True
null8000  n311      |G|=226 min_d=0.7006 nearest=Example_3 novel=True
null8000  n315      |G|=227 min_d=0.7010 nearest=Example_3 novel=True
null8000  n319      |G|=226 min_d=0.7006 nearest=Example_3 novel=True
null8000  n320      |G|=228 min_d=0.7054 nearest=Example_3 novel=True
null8000  n324      |G|=227 min_d=0.7068 nearest=Example_3 novel=True
null8000  n325      |G|=228 min_d=0.6976 nearest=Example_3 novel=True
null8000  n326      |G|=227 min_d=0.7068 nearest=Example_3 novel=True
null8000  n327      |G|=226 min_d=0.7006 nearest=Example_3 novel=True
null8000  n328      |G|=227 min_d=0.7068 nearest=Example_3 novel=True
null8000  n330      |G|=227 min_d=0.7068 nearest=Example_3 novel=True
null8000  n337      |G|=227 min_d=0.7010 nearest=Example_3 novel=True
null8000  n338      |G|=229 min_d=0.7039 nearest=Example_3 novel=True
null8000  n340      |G|=227 min_d=0.7068 nearest=Example_3 novel=True
null8000  n343      |G|=226 min_d=0.7006 nearest=Example_3 novel=True
null8000  n347      |G|=226 min_d=0.7006 nearest=Example_3 novel=True
null8000  n349      |G|=226 min_d=0.7006 nearest=Example_3 novel=True
null8000  n352      |G|=227 min_d=0.7068 nearest=Example_3 novel=True
null8000  n353      |G|=226 min_d=0.7006 nearest=Example_3 novel=True
null8000  n355      |G|=227 min_d=0.6991 nearest=Example_3 novel=True
null8000  n360      |G|=226 min_d=0.7064 nearest=Example_3 novel=True
null8000  n361      |G|=226 min_d=0.7006 nearest=Example_3 novel=True
null8000  n362      |G|=227 min_d=0.7068 nearest=Example_3 novel=True
null8000  n363      |G|=226 min_d=0.7006 nearest=Example_3 novel=True
null8000  n364      |G|=227 min_d=0.7068 nearest=Example_3 novel=True
null8000  n368      |G|=229 min_d=0.7039 nearest=Example_3 novel=True
null8000  n369      |G|=227 min_d=0.6991 nearest=Example_3 novel=True
null8000  n372      |G|=228 min_d=0.7054 nearest=Example_3 novel=True
null8000  n373      |G|=226 min_d=0.7006 nearest=Example_3 novel=True
null8000  n375      |G|=225 min_d=0.7021 nearest=Example_3 novel=True
null8000  n377      |G|=228 min_d=0.6996 nearest=Example_3 novel=True
null8000  n380      |G|=227 min_d=0.7068 nearest=Example_3 novel=True
null8000  n383      |G|=226 min_d=0.7006 nearest=Example_3 novel=True
null8000  n389      |G|=226 min_d=0.7006 nearest=Example_3 novel=True
null8000  n390      |G|=228 min_d=0.7054 nearest=Example_3 novel=True
null8000  n391      |G|=226 min_d=0.7006 nearest=Example_3 novel=True
null8000  n393      |G|=226 min_d=0.7006 nearest=Example_3 novel=True
null8000  n394      |G|=227 min_d=0.7068 nearest=Example_3 novel=True
null8000  n395      |G|=226 min_d=0.7006 nearest=Example_3 novel=True
null8000  n400      |G|=229 min_d=0.7058 nearest=Example_3 novel=True
null8000  n402      |G|=227 min_d=0.7068 nearest=Example_3 novel=True
null8000  n404      |G|=227 min_d=0.7068 nearest=Example_3 novel=True
null8000  n406      |G|=227 min_d=0.7068 nearest=Example_3 novel=True
null8000  n408      |G|=227 min_d=0.7068 nearest=Example_3 novel=True
null8000  n409      |G|=225 min_d=0.7021 nearest=Example_3 novel=True
null8000  n410      |G|=227 min_d=0.7068 nearest=Example_3 novel=True
null8000  n412      |G|=227 min_d=0.7068 nearest=Example_3 novel=True
null8000  n413      |G|=226 min_d=0.7006 nearest=Example_3 novel=True
null8000  n414      |G|=228 min_d=0.7054 nearest=Example_3 novel=True
null8000  n417      |G|=226 min_d=0.7006 nearest=Example_3 novel=True
null8000  n420      |G|=227 min_d=0.7068 nearest=Example_3 novel=True
null8000  n423      |G|=226 min_d=0.7006 nearest=Example_3 novel=True
null8000  n424      |G|=227 min_d=0.7068 nearest=Example_3 novel=True
null8000  n426      |G|=227 min_d=0.7068 nearest=Example_3 novel=True
null8000  n429      |G|=226 min_d=0.7006 nearest=Example_3 novel=True
null8000  n431      |G|=226 min_d=0.7006 nearest=Example_3 novel=True
null8000  n433      |G|=226 min_d=0.7006 nearest=Example_3 novel=True
null8000  n434      |G|=227 min_d=0.7068 nearest=Example_3 novel=True
null8000  n437      |G|=226 min_d=0.7006 nearest=Example_3 novel=True
null8000  n438      |G|=227 min_d=0.7068 nearest=Example_3 novel=True
null8000  n439      |G|=226 min_d=0.7006 nearest=Example_3 novel=True
null8000  n442      |G|=227 min_d=0.7068 nearest=Example_3 novel=True
null8000  n443      |G|=226 min_d=0.7006 nearest=Example_3 novel=True
null8000  n445      |G|=226 min_d=0.7006 nearest=Example_3 novel=True
null8000  n447      |G|=225 min_d=0.7021 nearest=Example_3 novel=True
null8000  n454      |G|=227 min_d=0.7068 nearest=Example_3 novel=True
null8000  n455      |G|=228 min_d=0.6976 nearest=Example_3 novel=True
null8000  n459      |G|=226 min_d=0.7006 nearest=Example_3 novel=True
null8000  n460      |G|=228 min_d=0.7054 nearest=Example_3 novel=True
null8000  n461      |G|=226 min_d=0.7006 nearest=Example_3 novel=True
null8000  n462      |G|=227 min_d=0.7068 nearest=Example_3 novel=True
null8000  n465      |G|=226 min_d=0.7006 nearest=Example_3 novel=True
null8000  n466      |G|=229 min_d=0.7077 nearest=Example_3 novel=True
null8000  n468      |G|=227 min_d=0.7068 nearest=Example_3 novel=True
null8000  n471      |G|=227 min_d=0.6991 nearest=Example_3 novel=True
null8000  n472      |G|=227 min_d=0.7068 nearest=Example_3 novel=True
null8000  n473      |G|=226 min_d=0.7006 nearest=Example_3 novel=True
null8000  n474      |G|=227 min_d=0.7068 nearest=Example_3 novel=True
null8000  n476      |G|=228 min_d=0.7054 nearest=Example_3 novel=True
null8000  n477      |G|=226 min_d=0.7006 nearest=Example_3 novel=True
null8000  n478      |G|=228 min_d=0.7054 nearest=Example_3 novel=True
NOVELTY DONE
